#
# There is insufficient memory for the Java Runtime Environment to continue.
# Native memory allocation (malloc) failed to allocate 1725616 bytes for Chunk::new
# Possible reasons:
#   The system is out of physical RAM or swap space
#   The process is running with CompressedOops enabled, and the Java Heap may be blocking the growth of the native heap
# Possible solutions:
#   Reduce memory load on the system
#   Increase physical memory or swap space
#   Check if swap backing store is full
#   Decrease Java heap size (-Xmx/-Xms)
#   Decrease number of Java threads
#   Decrease Java thread stack sizes (-Xss)
#   Set larger code cache with -XX:ReservedCodeCacheSize=
#   JVM is running with Zero Based Compressed Oops mode in which the Java heap is
#     placed in the first 32GB address space. The Java Heap base address is the
#     maximum limit for the native heap growth. Please use -XX:HeapBaseMinAddress
#     to set the Java Heap base and to place the Java Heap above 32GB virtual address.
# This output file may be truncated or incomplete.
#
#  Out of Memory Error (arena.cpp:168), pid=31900, tid=34124
#
# JRE version: Java(TM) SE Runtime Environment (21.0.7+8) (build 21.0.7+8-LTS-245)
# Java VM: Java HotSpot(TM) 64-Bit Server VM (21.0.7+8-LTS-245, mixed mode, sharing, tiered, compressed oops, compressed class ptrs, g1 gc, windows-amd64)
# No core dump will be written. Minidumps are not enabled by default on client versions of Windows
#

---------------  S U M M A R Y ------------

Command Line: --module-path=C:\Users\Movindu Lochana\.m2\repository\org\openjfx\javafx-base\21\javafx-base-21-win.jar;C:\Users\Movindu Lochana\.m2\repository\org\openjfx\javafx-base\21\javafx-base-21.jar;C:\Users\Movindu Lochana\.m2\repository\org\openjfx\javafx-controls\21\javafx-controls-21-win.jar;C:\Users\Movindu Lochana\.m2\repository\org\openjfx\javafx-controls\21\javafx-controls-21.jar;C:\Users\Movindu Lochana\.m2\repository\org\openjfx\javafx-fxml\21\javafx-fxml-21-win.jar;C:\Users\Movindu Lochana\.m2\repository\org\openjfx\javafx-fxml\21\javafx-fxml-21.jar;C:\Users\Movindu Lochana\.m2\repository\org\openjfx\javafx-graphics\21\javafx-graphics-21-win.jar;C:\Users\Movindu Lochana\.m2\repository\org\openjfx\javafx-graphics\21\javafx-graphics-21.jar;C:\Users\Movindu Lochana\.m2\repository\org\openjfx\javafx-swing\21\javafx-swing-21-win.jar;C:\Users\Movindu Lochana\.m2\repository\org\openjfx\javafx-swing\21\javafx-swing-21.jar --add-modules=javafx.base,javafx.controls,javafx.fxml,javafx.graphics,javafx.swing Starter

Host: AMD Ryzen 7 7435HS                             , 16 cores, 15G,  Windows 11 , 64 bit Build 26100 (10.0.26100.8521)
Time: Tue Jun  9 14:29:25 2026 Sri Lanka Standard Time elapsed time: 1.816070 seconds (0d 0h 0m 1s)

---------------  T H R E A D  ---------------

Current thread (0x00000291ae258710):  JavaThread "C2 CompilerThread0" daemon [_thread_in_native, id=34124, stack(0x000000a49d400000,0x000000a49d500000) (1024K)]


Current CompileTask:
C2:   1816 1501   !   4       com.sun.javafx.css.ParsedValueImpl::readBinary (691 bytes)

Stack: [0x000000a49d400000,0x000000a49d500000]
Native frames: (J=compiled Java code, j=interpreted, Vv=VM code, C=native code)
V  [jvm.dll+0x6cae19]
V  [jvm.dll+0x855741]
V  [jvm.dll+0x857c6e]
V  [jvm.dll+0x858343]
V  [jvm.dll+0x27e0b6]
V  [jvm.dll+0xc4ecd]
V  [jvm.dll+0xc5403]
V  [jvm.dll+0x3b5752]
V  [jvm.dll+0x381e25]
V  [jvm.dll+0x38129a]
V  [jvm.dll+0x246b30]
V  [jvm.dll+0x24610f]
V  [jvm.dll+0x1c6efe]
V  [jvm.dll+0x255819]
V  [jvm.dll+0x253daa]
V  [jvm.dll+0x3eebb6]
V  [jvm.dll+0x7ffa1b]
V  [jvm.dll+0x6c94fd]
C  [ucrtbase.dll+0x2cd30]
C  [KERNEL32.DLL+0x2e957]
C  [ntdll.dll+0x87c1c]


---------------  P R O C E S S  ---------------

Threads class SMR info:
_java_thread_list=0x00000291f4c8b880, length=22, elements={
0x000002918c395950, 0x00000291ae2346c0, 0x00000291ae235c80, 0x00000291ae23b5f0,
0x00000291ae23c2a0, 0x00000291ae246100, 0x00000291ae249150, 0x00000291ae258710,
0x00000291ae25c950, 0x00000291ae25d020, 0x00000291ae25b4e0, 0x00000291ae249e70,
0x00000291ae25c280, 0x00000291ae24a500, 0x00000291ae248430, 0x00000291ae2497e0,
0x00000291ae24ab90, 0x00000291ae248ac0, 0x00000291ae247710, 0x00000291ae25d6f0,
0x00000291ae25bbb0, 0x00000291ae25ddc0
}

Java Threads: ( => current thread )
  0x000002918c395950 JavaThread "main"                              [_thread_blocked, id=8020, stack(0x000000a49c600000,0x000000a49c700000) (1024K)]
  0x00000291ae2346c0 JavaThread "Reference Handler"          daemon [_thread_blocked, id=34588, stack(0x000000a49ce00000,0x000000a49cf00000) (1024K)]
  0x00000291ae235c80 JavaThread "Finalizer"                  daemon [_thread_blocked, id=33004, stack(0x000000a49cf00000,0x000000a49d000000) (1024K)]
  0x00000291ae23b5f0 JavaThread "Signal Dispatcher"          daemon [_thread_blocked, id=11312, stack(0x000000a49d000000,0x000000a49d100000) (1024K)]
  0x00000291ae23c2a0 JavaThread "Attach Listener"            daemon [_thread_blocked, id=15324, stack(0x000000a49d100000,0x000000a49d200000) (1024K)]
  0x00000291ae246100 JavaThread "Service Thread"             daemon [_thread_blocked, id=36408, stack(0x000000a49d200000,0x000000a49d300000) (1024K)]
  0x00000291ae249150 JavaThread "Monitor Deflation Thread"   daemon [_thread_blocked, id=24044, stack(0x000000a49d300000,0x000000a49d400000) (1024K)]
=>0x00000291ae258710 JavaThread "C2 CompilerThread0"         daemon [_thread_in_native, id=34124, stack(0x000000a49d400000,0x000000a49d500000) (1024K)]
  0x00000291ae25c950 JavaThread "C1 CompilerThread0"         daemon [_thread_blocked, id=38952, stack(0x000000a49d500000,0x000000a49d600000) (1024K)]
  0x00000291ae25d020 JavaThread "C1 CompilerThread1"         daemon [_thread_blocked, id=29324, stack(0x000000a49d600000,0x000000a49d700000) (1024K)]
  0x00000291ae25b4e0 JavaThread "C1 CompilerThread2"         daemon [_thread_blocked, id=25364, stack(0x000000a49d700000,0x000000a49d800000) (1024K)]
  0x00000291ae249e70 JavaThread "Common-Cleaner"             daemon [_thread_blocked, id=36396, stack(0x000000a49d800000,0x000000a49d900000) (1024K)]
  0x00000291ae25c280 JavaThread "C1 CompilerThread3"         daemon [_thread_blocked, id=29464, stack(0x000000a49d900000,0x000000a49da00000) (1024K)]
  0x00000291ae24a500 JavaThread "Notification Thread"        daemon [_thread_blocked, id=22100, stack(0x000000a49de00000,0x000000a49df00000) (1024K)]
  0x00000291ae248430 JavaThread "QuantumRenderer-0"          daemon [_thread_blocked, id=39336, stack(0x000000a49db00000,0x000000a49dc00000) (1024K)]
  0x00000291ae2497e0 JavaThread "InvokeLaterDispatcher"      daemon [_thread_blocked, id=38884, stack(0x000000a49da00000,0x000000a49db00000) (1024K)]
  0x00000291ae24ab90 JavaThread "JavaFX Application Thread"         [_thread_in_Java, id=39376, stack(0x000000a49dd00000,0x000000a49de00000) (1024K)]
  0x00000291ae248ac0 JavaThread "Thread-1"                   daemon [_thread_in_native, id=40908, stack(0x000000a49e030000,0x000000a49e130000) (1024K)]
  0x00000291ae247710 JavaThread "JavaFX-Launcher"                   [_thread_blocked, id=32732, stack(0x000000a49e630000,0x000000a49e730000) (1024K)]
  0x00000291ae25d6f0 JavaThread "C2 CompilerThread1"         daemon [_thread_blocked, id=37192, stack(0x000000a49e730000,0x000000a49e830000) (1024K)]
  0x00000291ae25bbb0 JavaThread "C2 CompilerThread2"         daemon [_thread_in_native, id=9648, stack(0x000000a49e830000,0x000000a49e930000) (1024K)]
  0x00000291ae25ddc0 JavaThread "C2 CompilerThread3"         daemon [_thread_blocked, id=31268, stack(0x000000a49e930000,0x000000a49ea30000) (1024K)]
Total: 22

Other Threads:
  0x00000291ae20ef50 VMThread "VM Thread"                           [id=37132, stack(0x000000a49cd00000,0x000000a49ce00000) (1024K)]
  0x00000291ae1fcd20 WatcherThread "VM Periodic Task Thread"        [id=40552, stack(0x000000a49cc00000,0x000000a49cd00000) (1024K)]
  0x000002918e7226a0 WorkerThread "GC Thread#0"                     [id=35544, stack(0x000000a49c700000,0x000000a49c800000) (1024K)]
  0x00000291f472d020 WorkerThread "GC Thread#1"                     [id=36952, stack(0x000000a49e130000,0x000000a49e230000) (1024K)]
  0x00000291f4703e00 WorkerThread "GC Thread#2"                     [id=31820, stack(0x000000a49e230000,0x000000a49e330000) (1024K)]
  0x00000291f47045a0 WorkerThread "GC Thread#3"                     [id=39732, stack(0x000000a49e330000,0x000000a49e430000) (1024K)]
  0x00000291f476eff0 WorkerThread "GC Thread#4"                     [id=37944, stack(0x000000a49e430000,0x000000a49e530000) (1024K)]
  0x00000291f476e170 WorkerThread "GC Thread#5"                     [id=30804, stack(0x000000a49e530000,0x000000a49e630000) (1024K)]
  0x000002918e7339a0 ConcurrentGCThread "G1 Main Marker"            [id=24700, stack(0x000000a49c800000,0x000000a49c900000) (1024K)]
  0x000002918e735320 WorkerThread "G1 Conc#0"                       [id=26180, stack(0x000000a49c900000,0x000000a49ca00000) (1024K)]
  0x00000291ae0cb8a0 ConcurrentGCThread "G1 Refine#0"               [id=25804, stack(0x000000a49ca00000,0x000000a49cb00000) (1024K)]
  0x00000291ae0cc220 ConcurrentGCThread "G1 Service"                [id=27420, stack(0x000000a49cb00000,0x000000a49cc00000) (1024K)]
Total: 12

Threads with active compile tasks:
C2 CompilerThread0     1859 1501   !   4       com.sun.javafx.css.ParsedValueImpl::readBinary (691 bytes)
C2 CompilerThread2     1859 1593       4       com.sun.javafx.iio.png.PNGImageLoader2::doSubFilter (35 bytes)
Total: 2

VM state: not at safepoint (normal execution)

VM Mutex/Monitor currently owned by a thread:  ([mutex/lock_event])
[0x00007ffa94edc9d0] MethodCompileQueue_lock - owner thread: 0x0000000000000000

Heap address: 0x0000000704e00000, size: 4018 MB, Compressed Oops mode: Zero based, Oop shift amount: 3

CDS archive(s) mapped at: [0x00000291af000000-0x00000291afc90000-0x00000291afc90000), size 13172736, SharedBaseAddress: 0x00000291af000000, ArchiveRelocationMode: 1.
Compressed class space mapped at: 0x00000291b0000000-0x00000291f0000000, reserved size: 1073741824
Narrow klass base: 0x00000291af000000, Narrow klass shift: 0, Narrow klass range: 0x100000000

GC Precious Log:
 CardTable entry size: 512
 Card Set container configuration: InlinePtr #cards 4 size 8 Array Of Cards #cards 16 size 48 Howl #buckets 8 coarsen threshold 3686 Howl Bitmap #cards 512 size 80 coarsen threshold 460 Card regions per heap region 1 cards per card region 4096
 CPUs: 16 total, 16 available
 Memory: 16068M
 Large Page Support: Disabled
 NUMA Support: Disabled
 Compressed Oops: Enabled (Zero based)
 Heap Region Size: 2M
 Heap Min Capacity: 8M
 Heap Initial Capacity: 252M
 Heap Max Capacity: 4018M
 Pre-touch: Disabled
 Parallel Workers: 13
 Concurrent Workers: 3
 Concurrent Refinement Workers: 13
 Periodic GC: Disabled

Heap:
 garbage-first heap   total 258048K, used 33322K [0x0000000704e00000, 0x0000000800000000)
  region size 2048K, 16 young (32768K), 2 survivors (4096K)
 Metaspace       used 9989K, committed 10240K, reserved 1114112K
  class space    used 1336K, committed 1472K, reserved 1048576K

Heap Regions: E=young(eden), S=young(survivor), O=old, HS=humongous(starts), HC=humongous(continues), CS=collection set, F=free, TAMS=top-at-mark-start, PB=parsable bottom
|   0|0x0000000704e00000, 0x0000000705000000, 0x0000000705000000|100%|HS|  |TAMS 0x0000000704e00000| PB 0x0000000704e00000| Complete 
|   1|0x0000000705000000, 0x0000000705200000, 0x0000000705200000|100%|HC|  |TAMS 0x0000000705000000| PB 0x0000000705000000| Complete 
|   2|0x0000000705200000, 0x0000000705400000, 0x0000000705400000|100%|HS|  |TAMS 0x0000000705200000| PB 0x0000000705200000| Complete 
|   3|0x0000000705400000, 0x0000000705400000, 0x0000000705600000|  0%| F|  |TAMS 0x0000000705400000| PB 0x0000000705400000| Untracked 
|   4|0x0000000705600000, 0x0000000705600000, 0x0000000705800000|  0%| F|  |TAMS 0x0000000705600000| PB 0x0000000705600000| Untracked 
|   5|0x0000000705800000, 0x0000000705800000, 0x0000000705a00000|  0%| F|  |TAMS 0x0000000705800000| PB 0x0000000705800000| Untracked 
|   6|0x0000000705a00000, 0x0000000705a00000, 0x0000000705c00000|  0%| F|  |TAMS 0x0000000705a00000| PB 0x0000000705a00000| Untracked 
|   7|0x0000000705c00000, 0x0000000705c00000, 0x0000000705e00000|  0%| F|  |TAMS 0x0000000705c00000| PB 0x0000000705c00000| Untracked 
|   8|0x0000000705e00000, 0x0000000705e00000, 0x0000000706000000|  0%| F|  |TAMS 0x0000000705e00000| PB 0x0000000705e00000| Untracked 
|   9|0x0000000706000000, 0x0000000706000000, 0x0000000706200000|  0%| F|  |TAMS 0x0000000706000000| PB 0x0000000706000000| Untracked 
|  10|0x0000000706200000, 0x0000000706200000, 0x0000000706400000|  0%| F|  |TAMS 0x0000000706200000| PB 0x0000000706200000| Untracked 
|  11|0x0000000706400000, 0x0000000706400000, 0x0000000706600000|  0%| F|  |TAMS 0x0000000706400000| PB 0x0000000706400000| Untracked 
|  12|0x0000000706600000, 0x0000000706600000, 0x0000000706800000|  0%| F|  |TAMS 0x0000000706600000| PB 0x0000000706600000| Untracked 
|  13|0x0000000706800000, 0x0000000706800000, 0x0000000706a00000|  0%| F|  |TAMS 0x0000000706800000| PB 0x0000000706800000| Untracked 
|  14|0x0000000706a00000, 0x0000000706a00000, 0x0000000706c00000|  0%| F|  |TAMS 0x0000000706a00000| PB 0x0000000706a00000| Untracked 
|  15|0x0000000706c00000, 0x0000000706c00000, 0x0000000706e00000|  0%| F|  |TAMS 0x0000000706c00000| PB 0x0000000706c00000| Untracked 
|  16|0x0000000706e00000, 0x0000000706e00000, 0x0000000707000000|  0%| F|  |TAMS 0x0000000706e00000| PB 0x0000000706e00000| Untracked 
|  17|0x0000000707000000, 0x0000000707000000, 0x0000000707200000|  0%| F|  |TAMS 0x0000000707000000| PB 0x0000000707000000| Untracked 
|  18|0x0000000707200000, 0x0000000707200000, 0x0000000707400000|  0%| F|  |TAMS 0x0000000707200000| PB 0x0000000707200000| Untracked 
|  19|0x0000000707400000, 0x0000000707400000, 0x0000000707600000|  0%| F|  |TAMS 0x0000000707400000| PB 0x0000000707400000| Untracked 
|  20|0x0000000707600000, 0x0000000707600000, 0x0000000707800000|  0%| F|  |TAMS 0x0000000707600000| PB 0x0000000707600000| Untracked 
|  21|0x0000000707800000, 0x0000000707800000, 0x0000000707a00000|  0%| F|  |TAMS 0x0000000707800000| PB 0x0000000707800000| Untracked 
|  22|0x0000000707a00000, 0x0000000707a00000, 0x0000000707c00000|  0%| F|  |TAMS 0x0000000707a00000| PB 0x0000000707a00000| Untracked 
|  23|0x0000000707c00000, 0x0000000707c00000, 0x0000000707e00000|  0%| F|  |TAMS 0x0000000707c00000| PB 0x0000000707c00000| Untracked 
|  24|0x0000000707e00000, 0x0000000707e00000, 0x0000000708000000|  0%| F|  |TAMS 0x0000000707e00000| PB 0x0000000707e00000| Untracked 
|  25|0x0000000708000000, 0x0000000708000000, 0x0000000708200000|  0%| F|  |TAMS 0x0000000708000000| PB 0x0000000708000000| Untracked 
|  26|0x0000000708200000, 0x0000000708200000, 0x0000000708400000|  0%| F|  |TAMS 0x0000000708200000| PB 0x0000000708200000| Untracked 
|  27|0x0000000708400000, 0x0000000708400000, 0x0000000708600000|  0%| F|  |TAMS 0x0000000708400000| PB 0x0000000708400000| Untracked 
|  28|0x0000000708600000, 0x0000000708600000, 0x0000000708800000|  0%| F|  |TAMS 0x0000000708600000| PB 0x0000000708600000| Untracked 
|  29|0x0000000708800000, 0x0000000708800000, 0x0000000708a00000|  0%| F|  |TAMS 0x0000000708800000| PB 0x0000000708800000| Untracked 
|  30|0x0000000708a00000, 0x0000000708a00000, 0x0000000708c00000|  0%| F|  |TAMS 0x0000000708a00000| PB 0x0000000708a00000| Untracked 
|  31|0x0000000708c00000, 0x0000000708c00000, 0x0000000708e00000|  0%| F|  |TAMS 0x0000000708c00000| PB 0x0000000708c00000| Untracked 
|  32|0x0000000708e00000, 0x0000000708e00000, 0x0000000709000000|  0%| F|  |TAMS 0x0000000708e00000| PB 0x0000000708e00000| Untracked 
|  33|0x0000000709000000, 0x0000000709000000, 0x0000000709200000|  0%| F|  |TAMS 0x0000000709000000| PB 0x0000000709000000| Untracked 
|  34|0x0000000709200000, 0x0000000709200000, 0x0000000709400000|  0%| F|  |TAMS 0x0000000709200000| PB 0x0000000709200000| Untracked 
|  35|0x0000000709400000, 0x0000000709400000, 0x0000000709600000|  0%| F|  |TAMS 0x0000000709400000| PB 0x0000000709400000| Untracked 
|  36|0x0000000709600000, 0x0000000709600000, 0x0000000709800000|  0%| F|  |TAMS 0x0000000709600000| PB 0x0000000709600000| Untracked 
|  37|0x0000000709800000, 0x0000000709800000, 0x0000000709a00000|  0%| F|  |TAMS 0x0000000709800000| PB 0x0000000709800000| Untracked 
|  38|0x0000000709a00000, 0x0000000709a00000, 0x0000000709c00000|  0%| F|  |TAMS 0x0000000709a00000| PB 0x0000000709a00000| Untracked 
|  39|0x0000000709c00000, 0x0000000709c00000, 0x0000000709e00000|  0%| F|  |TAMS 0x0000000709c00000| PB 0x0000000709c00000| Untracked 
|  40|0x0000000709e00000, 0x0000000709e00000, 0x000000070a000000|  0%| F|  |TAMS 0x0000000709e00000| PB 0x0000000709e00000| Untracked 
|  41|0x000000070a000000, 0x000000070a000000, 0x000000070a200000|  0%| F|  |TAMS 0x000000070a000000| PB 0x000000070a000000| Untracked 
|  42|0x000000070a200000, 0x000000070a200000, 0x000000070a400000|  0%| F|  |TAMS 0x000000070a200000| PB 0x000000070a200000| Untracked 
|  43|0x000000070a400000, 0x000000070a400000, 0x000000070a600000|  0%| F|  |TAMS 0x000000070a400000| PB 0x000000070a400000| Untracked 
|  44|0x000000070a600000, 0x000000070a600000, 0x000000070a800000|  0%| F|  |TAMS 0x000000070a600000| PB 0x000000070a600000| Untracked 
|  45|0x000000070a800000, 0x000000070a800000, 0x000000070aa00000|  0%| F|  |TAMS 0x000000070a800000| PB 0x000000070a800000| Untracked 
|  46|0x000000070aa00000, 0x000000070aa00000, 0x000000070ac00000|  0%| F|  |TAMS 0x000000070aa00000| PB 0x000000070aa00000| Untracked 
|  47|0x000000070ac00000, 0x000000070ac00000, 0x000000070ae00000|  0%| F|  |TAMS 0x000000070ac00000| PB 0x000000070ac00000| Untracked 
|  48|0x000000070ae00000, 0x000000070ae00000, 0x000000070b000000|  0%| F|  |TAMS 0x000000070ae00000| PB 0x000000070ae00000| Untracked 
|  49|0x000000070b000000, 0x000000070b000000, 0x000000070b200000|  0%| F|  |TAMS 0x000000070b000000| PB 0x000000070b000000| Untracked 
|  50|0x000000070b200000, 0x000000070b200000, 0x000000070b400000|  0%| F|  |TAMS 0x000000070b200000| PB 0x000000070b200000| Untracked 
|  51|0x000000070b400000, 0x000000070b400000, 0x000000070b600000|  0%| F|  |TAMS 0x000000070b400000| PB 0x000000070b400000| Untracked 
|  52|0x000000070b600000, 0x000000070b600000, 0x000000070b800000|  0%| F|  |TAMS 0x000000070b600000| PB 0x000000070b600000| Untracked 
|  53|0x000000070b800000, 0x000000070b800000, 0x000000070ba00000|  0%| F|  |TAMS 0x000000070b800000| PB 0x000000070b800000| Untracked 
|  54|0x000000070ba00000, 0x000000070ba00000, 0x000000070bc00000|  0%| F|  |TAMS 0x000000070ba00000| PB 0x000000070ba00000| Untracked 
|  55|0x000000070bc00000, 0x000000070bc00000, 0x000000070be00000|  0%| F|  |TAMS 0x000000070bc00000| PB 0x000000070bc00000| Untracked 
|  56|0x000000070be00000, 0x000000070be00000, 0x000000070c000000|  0%| F|  |TAMS 0x000000070be00000| PB 0x000000070be00000| Untracked 
|  57|0x000000070c000000, 0x000000070c000000, 0x000000070c200000|  0%| F|  |TAMS 0x000000070c000000| PB 0x000000070c000000| Untracked 
|  58|0x000000070c200000, 0x000000070c200000, 0x000000070c400000|  0%| F|  |TAMS 0x000000070c200000| PB 0x000000070c200000| Untracked 
|  59|0x000000070c400000, 0x000000070c400000, 0x000000070c600000|  0%| F|  |TAMS 0x000000070c400000| PB 0x000000070c400000| Untracked 
|  60|0x000000070c600000, 0x000000070c600000, 0x000000070c800000|  0%| F|  |TAMS 0x000000070c600000| PB 0x000000070c600000| Untracked 
|  61|0x000000070c800000, 0x000000070c800000, 0x000000070ca00000|  0%| F|  |TAMS 0x000000070c800000| PB 0x000000070c800000| Untracked 
|  62|0x000000070ca00000, 0x000000070ca00000, 0x000000070cc00000|  0%| F|  |TAMS 0x000000070ca00000| PB 0x000000070ca00000| Untracked 
|  63|0x000000070cc00000, 0x000000070cc00000, 0x000000070ce00000|  0%| F|  |TAMS 0x000000070cc00000| PB 0x000000070cc00000| Untracked 
|  64|0x000000070ce00000, 0x000000070ce00000, 0x000000070d000000|  0%| F|  |TAMS 0x000000070ce00000| PB 0x000000070ce00000| Untracked 
|  65|0x000000070d000000, 0x000000070d000000, 0x000000070d200000|  0%| F|  |TAMS 0x000000070d000000| PB 0x000000070d000000| Untracked 
|  66|0x000000070d200000, 0x000000070d200000, 0x000000070d400000|  0%| F|  |TAMS 0x000000070d200000| PB 0x000000070d200000| Untracked 
|  67|0x000000070d400000, 0x000000070d400000, 0x000000070d600000|  0%| F|  |TAMS 0x000000070d400000| PB 0x000000070d400000| Untracked 
|  68|0x000000070d600000, 0x000000070d600000, 0x000000070d800000|  0%| F|  |TAMS 0x000000070d600000| PB 0x000000070d600000| Untracked 
|  69|0x000000070d800000, 0x000000070d800000, 0x000000070da00000|  0%| F|  |TAMS 0x000000070d800000| PB 0x000000070d800000| Untracked 
|  70|0x000000070da00000, 0x000000070da00000, 0x000000070dc00000|  0%| F|  |TAMS 0x000000070da00000| PB 0x000000070da00000| Untracked 
|  71|0x000000070dc00000, 0x000000070dc00000, 0x000000070de00000|  0%| F|  |TAMS 0x000000070dc00000| PB 0x000000070dc00000| Untracked 
|  72|0x000000070de00000, 0x000000070de00000, 0x000000070e000000|  0%| F|  |TAMS 0x000000070de00000| PB 0x000000070de00000| Untracked 
|  73|0x000000070e000000, 0x000000070e000000, 0x000000070e200000|  0%| F|  |TAMS 0x000000070e000000| PB 0x000000070e000000| Untracked 
|  74|0x000000070e200000, 0x000000070e200000, 0x000000070e400000|  0%| F|  |TAMS 0x000000070e200000| PB 0x000000070e200000| Untracked 
|  75|0x000000070e400000, 0x000000070e400000, 0x000000070e600000|  0%| F|  |TAMS 0x000000070e400000| PB 0x000000070e400000| Untracked 
|  76|0x000000070e600000, 0x000000070e600000, 0x000000070e800000|  0%| F|  |TAMS 0x000000070e600000| PB 0x000000070e600000| Untracked 
|  77|0x000000070e800000, 0x000000070e800000, 0x000000070ea00000|  0%| F|  |TAMS 0x000000070e800000| PB 0x000000070e800000| Untracked 
|  78|0x000000070ea00000, 0x000000070ea00000, 0x000000070ec00000|  0%| F|  |TAMS 0x000000070ea00000| PB 0x000000070ea00000| Untracked 
|  79|0x000000070ec00000, 0x000000070ec00000, 0x000000070ee00000|  0%| F|  |TAMS 0x000000070ec00000| PB 0x000000070ec00000| Untracked 
|  80|0x000000070ee00000, 0x000000070ee00000, 0x000000070f000000|  0%| F|  |TAMS 0x000000070ee00000| PB 0x000000070ee00000| Untracked 
|  81|0x000000070f000000, 0x000000070f000000, 0x000000070f200000|  0%| F|  |TAMS 0x000000070f000000| PB 0x000000070f000000| Untracked 
|  82|0x000000070f200000, 0x000000070f200000, 0x000000070f400000|  0%| F|  |TAMS 0x000000070f200000| PB 0x000000070f200000| Untracked 
|  83|0x000000070f400000, 0x000000070f400000, 0x000000070f600000|  0%| F|  |TAMS 0x000000070f400000| PB 0x000000070f400000| Untracked 
|  84|0x000000070f600000, 0x000000070f600000, 0x000000070f800000|  0%| F|  |TAMS 0x000000070f600000| PB 0x000000070f600000| Untracked 
|  85|0x000000070f800000, 0x000000070f800000, 0x000000070fa00000|  0%| F|  |TAMS 0x000000070f800000| PB 0x000000070f800000| Untracked 
|  86|0x000000070fa00000, 0x000000070fa00000, 0x000000070fc00000|  0%| F|  |TAMS 0x000000070fa00000| PB 0x000000070fa00000| Untracked 
|  87|0x000000070fc00000, 0x000000070fc00000, 0x000000070fe00000|  0%| F|  |TAMS 0x000000070fc00000| PB 0x000000070fc00000| Untracked 
|  88|0x000000070fe00000, 0x000000070fe00000, 0x0000000710000000|  0%| F|  |TAMS 0x000000070fe00000| PB 0x000000070fe00000| Untracked 
|  89|0x0000000710000000, 0x0000000710000000, 0x0000000710200000|  0%| F|  |TAMS 0x0000000710000000| PB 0x0000000710000000| Untracked 
|  90|0x0000000710200000, 0x0000000710200000, 0x0000000710400000|  0%| F|  |TAMS 0x0000000710200000| PB 0x0000000710200000| Untracked 
|  91|0x0000000710400000, 0x0000000710400000, 0x0000000710600000|  0%| F|  |TAMS 0x0000000710400000| PB 0x0000000710400000| Untracked 
|  92|0x0000000710600000, 0x0000000710600000, 0x0000000710800000|  0%| F|  |TAMS 0x0000000710600000| PB 0x0000000710600000| Untracked 
|  93|0x0000000710800000, 0x0000000710800000, 0x0000000710a00000|  0%| F|  |TAMS 0x0000000710800000| PB 0x0000000710800000| Untracked 
|  94|0x0000000710a00000, 0x0000000710a00000, 0x0000000710c00000|  0%| F|  |TAMS 0x0000000710a00000| PB 0x0000000710a00000| Untracked 
|  95|0x0000000710c00000, 0x0000000710c00000, 0x0000000710e00000|  0%| F|  |TAMS 0x0000000710c00000| PB 0x0000000710c00000| Untracked 
|  96|0x0000000710e00000, 0x0000000710e00000, 0x0000000711000000|  0%| F|  |TAMS 0x0000000710e00000| PB 0x0000000710e00000| Untracked 
|  97|0x0000000711000000, 0x0000000711000000, 0x0000000711200000|  0%| F|  |TAMS 0x0000000711000000| PB 0x0000000711000000| Untracked 
|  98|0x0000000711200000, 0x0000000711200000, 0x0000000711400000|  0%| F|  |TAMS 0x0000000711200000| PB 0x0000000711200000| Untracked 
|  99|0x0000000711400000, 0x0000000711400000, 0x0000000711600000|  0%| F|  |TAMS 0x0000000711400000| PB 0x0000000711400000| Untracked 
| 100|0x0000000711600000, 0x0000000711600000, 0x0000000711800000|  0%| F|  |TAMS 0x0000000711600000| PB 0x0000000711600000| Untracked 
| 101|0x0000000711800000, 0x0000000711800000, 0x0000000711a00000|  0%| F|  |TAMS 0x0000000711800000| PB 0x0000000711800000| Untracked 
| 102|0x0000000711a00000, 0x0000000711a00000, 0x0000000711c00000|  0%| F|  |TAMS 0x0000000711a00000| PB 0x0000000711a00000| Untracked 
| 103|0x0000000711c00000, 0x0000000711c00000, 0x0000000711e00000|  0%| F|  |TAMS 0x0000000711c00000| PB 0x0000000711c00000| Untracked 
| 104|0x0000000711e00000, 0x0000000711e00000, 0x0000000712000000|  0%| F|  |TAMS 0x0000000711e00000| PB 0x0000000711e00000| Untracked 
| 105|0x0000000712000000, 0x0000000712000000, 0x0000000712200000|  0%| F|  |TAMS 0x0000000712000000| PB 0x0000000712000000| Untracked 
| 106|0x0000000712200000, 0x0000000712200000, 0x0000000712400000|  0%| F|  |TAMS 0x0000000712200000| PB 0x0000000712200000| Untracked 
| 107|0x0000000712400000, 0x0000000712400000, 0x0000000712600000|  0%| F|  |TAMS 0x0000000712400000| PB 0x0000000712400000| Untracked 
| 108|0x0000000712600000, 0x0000000712600000, 0x0000000712800000|  0%| F|  |TAMS 0x0000000712600000| PB 0x0000000712600000| Untracked 
| 109|0x0000000712800000, 0x0000000712800000, 0x0000000712a00000|  0%| F|  |TAMS 0x0000000712800000| PB 0x0000000712800000| Untracked 
| 110|0x0000000712a00000, 0x0000000712b04700, 0x0000000712c00000| 50%| E|  |TAMS 0x0000000712a00000| PB 0x0000000712a00000| Complete 
| 111|0x0000000712c00000, 0x0000000712e00000, 0x0000000712e00000|100%| E|CS|TAMS 0x0000000712c00000| PB 0x0000000712c00000| Complete 
| 112|0x0000000712e00000, 0x0000000713000000, 0x0000000713000000|100%| E|  |TAMS 0x0000000712e00000| PB 0x0000000712e00000| Complete 
| 113|0x0000000713000000, 0x000000071308aa80, 0x0000000713200000| 27%| S|CS|TAMS 0x0000000713000000| PB 0x0000000713000000| Complete 
| 114|0x0000000713200000, 0x0000000713400000, 0x0000000713400000|100%| S|CS|TAMS 0x0000000713200000| PB 0x0000000713200000| Complete 
| 115|0x0000000713400000, 0x0000000713600000, 0x0000000713600000|100%| E|CS|TAMS 0x0000000713400000| PB 0x0000000713400000| Complete 
| 116|0x0000000713600000, 0x0000000713800000, 0x0000000713800000|100%| E|CS|TAMS 0x0000000713600000| PB 0x0000000713600000| Complete 
| 117|0x0000000713800000, 0x0000000713a00000, 0x0000000713a00000|100%| E|CS|TAMS 0x0000000713800000| PB 0x0000000713800000| Complete 
| 118|0x0000000713a00000, 0x0000000713c00000, 0x0000000713c00000|100%| E|CS|TAMS 0x0000000713a00000| PB 0x0000000713a00000| Complete 
| 119|0x0000000713c00000, 0x0000000713e00000, 0x0000000713e00000|100%| E|CS|TAMS 0x0000000713c00000| PB 0x0000000713c00000| Complete 
| 120|0x0000000713e00000, 0x0000000714000000, 0x0000000714000000|100%| E|CS|TAMS 0x0000000713e00000| PB 0x0000000713e00000| Complete 
| 121|0x0000000714000000, 0x0000000714200000, 0x0000000714200000|100%| E|CS|TAMS 0x0000000714000000| PB 0x0000000714000000| Complete 
| 122|0x0000000714200000, 0x0000000714400000, 0x0000000714400000|100%| E|CS|TAMS 0x0000000714200000| PB 0x0000000714200000| Complete 
| 123|0x0000000714400000, 0x0000000714600000, 0x0000000714600000|100%| E|CS|TAMS 0x0000000714400000| PB 0x0000000714400000| Complete 
| 124|0x0000000714600000, 0x0000000714800000, 0x0000000714800000|100%| E|CS|TAMS 0x0000000714600000| PB 0x0000000714600000| Complete 
| 125|0x0000000714800000, 0x0000000714a00000, 0x0000000714a00000|100%| E|CS|TAMS 0x0000000714800000| PB 0x0000000714800000| Complete 

Card table byte_map: [0x00000291a6bc0000,0x00000291a73a0000] _byte_map_base: 0x00000291a3399000

Marking Bits: (CMBitMap*) 0x000002918e7235b0
 Bits: [0x00000291a73a0000, 0x00000291ab268000)

Polling page: 0x000002918ca10000

Metaspace:

Usage:
  Non-class:      8.46 MB used.
      Class:      1.31 MB used.
       Both:      9.77 MB used.

Virtual space:
  Non-class space:       64.00 MB reserved,       8.62 MB ( 13%) committed,  1 nodes.
      Class space:        1.00 GB reserved,       1.44 MB ( <1%) committed,  1 nodes.
             Both:        1.06 GB reserved,      10.06 MB ( <1%) committed. 

Chunk freelists:
   Non-Class:  6.73 MB
       Class:  14.52 MB
        Both:  21.25 MB

MaxMetaspaceSize: unlimited
CompressedClassSpaceSize: 1.00 GB
Initial GC threshold: 21.00 MB
Current GC threshold: 21.00 MB
CDS: on
 - commit_granule_bytes: 65536.
 - commit_granule_words: 8192.
 - virtual_space_node_default_size: 8388608.
 - enlarge_chunks_in_place: 1.
 - use_allocation_guard: 0.


Internal statistics:

num_allocs_failed_limit: 0.
num_arena_births: 254.
num_arena_deaths: 0.
num_vsnodes_births: 2.
num_vsnodes_deaths: 0.
num_space_committed: 161.
num_space_uncommitted: 0.
num_chunks_returned_to_freelist: 0.
num_chunks_taken_from_freelist: 545.
num_chunk_merges: 0.
num_chunk_splits: 371.
num_chunks_enlarged: 267.
num_inconsistent_stats: 0.

CodeHeap 'non-profiled nmethods': size=119168Kb used=602Kb max_used=602Kb free=118565Kb
 bounds [0x000002919e6f0000, 0x000002919e960000, 0x00000291a5b50000]
CodeHeap 'profiled nmethods': size=119104Kb used=2752Kb max_used=2752Kb free=116351Kb
 bounds [0x0000029196b50000, 0x0000029196e10000, 0x000002919dfa0000]
CodeHeap 'non-nmethods': size=7488Kb used=3270Kb max_used=3290Kb free=4218Kb
 bounds [0x000002919dfa0000, 0x000002919e2e0000, 0x000002919e6f0000]
 total_blobs=2236 nmethods=1593 adapters=544
 compilation: enabled
              stopped_count=0, restarted_count=0
 full_count=0

Compilation events (20 events):
Event: 1.770 Thread 0x00000291ae25b4e0 nmethod 1561 0x0000029196df2a10 code [0x0000029196df2ba0, 0x0000029196df2ca8]
Event: 1.770 Thread 0x00000291ae25d020 nmethod 1559 0x0000029196df2d10 code [0x0000029196df2ee0, 0x0000029196df3258]
Event: 1.770 Thread 0x00000291ae25b4e0 1562       3       java.lang.invoke.InvokerBytecodeGenerator::refKindOpcode (112 bytes)
Event: 1.771 Thread 0x00000291ae25b4e0 nmethod 1562 0x0000029196df3390 code [0x0000029196df3600, 0x0000029196df3e38]
Event: 1.771 Thread 0x00000291ae25c280 nmethod 1560 0x0000029196df4090 code [0x0000029196df4340, 0x0000029196df5620]
Event: 1.772 Thread 0x00000291ae25d6f0 nmethod 1554 0x000002919e77ef90 code [0x000002919e77f160, 0x000002919e77f920]
Event: 1.772 Thread 0x00000291ae25d6f0 1557       4       java.util.HashMap::resize (356 bytes)
Event: 1.773 Thread 0x00000291ae25c280 1565       3       java.lang.invoke.InvokerBytecodeGenerator::isStaticallyNameable (148 bytes)
Event: 1.774 Thread 0x00000291ae25c280 nmethod 1565 0x0000029196df5a90 code [0x0000029196df5d40, 0x0000029196df6840]
Event: 1.777 Thread 0x00000291ae25c280 1568       3       java.lang.invoke.DirectMethodHandle$Holder::newInvokeSpecial (21 bytes)
Event: 1.777 Thread 0x00000291ae25c280 nmethod 1568 0x0000029196df6b10 code [0x0000029196df6d00, 0x0000029196df72b0]
Event: 1.778 Thread 0x00000291ae25c280 1569       3       java.nio.Buffer::hasRemaining (17 bytes)
Event: 1.778 Thread 0x00000291ae25c280 nmethod 1569 0x0000029196df7490 code [0x0000029196df7620, 0x0000029196df7788]
Event: 1.778 Thread 0x00000291ae25c280 1570       3       com.sun.javafx.font.FontFileReader$Buffer::getShort (52 bytes)
Event: 1.779 Thread 0x00000291ae25c280 nmethod 1570 0x0000029196df7810 code [0x0000029196df79c0, 0x0000029196df7b50]
Event: 1.781 Thread 0x00000291ae25bbb0 nmethod 1555 0x000002919e780990 code [0x000002919e780be0, 0x000002919e7817a0]
Event: 1.781 Thread 0x00000291ae25bbb0 1558       4       java.lang.String::coder (15 bytes)
Event: 1.781 Thread 0x00000291ae25ddc0 nmethod 1556 0x000002919e781e90 code [0x000002919e7820e0, 0x000002919e782c38]
Event: 1.781 Thread 0x00000291ae25bbb0 nmethod 1558 0x000002919e783310 code [0x000002919e7834a0, 0x000002919e783530]
Event: 1.792 Thread 0x00000291ae25d6f0 nmethod 1557 0x000002919e783610 code [0x000002919e783820, 0x000002919e7844a0]

GC Heap History (2 events):
Event: 1.093 GC heap before
{Heap before GC invocations=0 (full 0):
 garbage-first heap   total 258048K, used 22528K [0x0000000704e00000, 0x0000000800000000)
  region size 2048K, 11 young (22528K), 0 survivors (0K)
 Metaspace       used 3811K, committed 3968K, reserved 1114112K
  class space    used 380K, committed 448K, reserved 1048576K
}
Event: 1.097 GC heap after
{Heap after GC invocations=1 (full 0):
 garbage-first heap   total 258048K, used 2602K [0x0000000704e00000, 0x0000000800000000)
  region size 2048K, 2 young (4096K), 2 survivors (4096K)
 Metaspace       used 3811K, committed 3968K, reserved 1114112K
  class space    used 380K, committed 448K, reserved 1048576K
}

Dll operation events (20 events):
Event: 0.483 Loaded shared library C:\Users\Movindu Lochana\.openjfx\cache\21+31\amd64\api-ms-win-crt-math-l1-1-0.dll
Event: 0.487 Loaded shared library C:\Users\Movindu Lochana\.openjfx\cache\21+31\amd64\api-ms-win-crt-multibyte-l1-1-0.dll
Event: 0.492 Loaded shared library C:\Users\Movindu Lochana\.openjfx\cache\21+31\amd64\api-ms-win-crt-private-l1-1-0.dll
Event: 0.496 Loaded shared library C:\Users\Movindu Lochana\.openjfx\cache\21+31\amd64\api-ms-win-crt-process-l1-1-0.dll
Event: 0.500 Loaded shared library C:\Users\Movindu Lochana\.openjfx\cache\21+31\amd64\api-ms-win-crt-runtime-l1-1-0.dll
Event: 0.504 Loaded shared library C:\Users\Movindu Lochana\.openjfx\cache\21+31\amd64\api-ms-win-crt-stdio-l1-1-0.dll
Event: 0.508 Loaded shared library C:\Users\Movindu Lochana\.openjfx\cache\21+31\amd64\api-ms-win-crt-string-l1-1-0.dll
Event: 0.511 Loaded shared library C:\Users\Movindu Lochana\.openjfx\cache\21+31\amd64\api-ms-win-crt-time-l1-1-0.dll
Event: 0.515 Loaded shared library C:\Users\Movindu Lochana\.openjfx\cache\21+31\amd64\api-ms-win-crt-utility-l1-1-0.dll
Event: 0.534 Loaded shared library C:\Users\Movindu Lochana\.openjfx\cache\21+31\amd64\ucrtbase.dll
Event: 0.540 Loaded shared library C:\Users\Movindu Lochana\.openjfx\cache\21+31\amd64\vcruntime140.dll
Event: 0.544 Loaded shared library C:\Users\Movindu Lochana\.openjfx\cache\21+31\amd64\vcruntime140_1.dll
Event: 0.556 Loaded shared library C:\Users\Movindu Lochana\.openjfx\cache\21+31\amd64\msvcp140.dll
Event: 0.559 Loaded shared library C:\Users\Movindu Lochana\.openjfx\cache\21+31\amd64\msvcp140_1.dll
Event: 0.566 Loaded shared library C:\Users\Movindu Lochana\.openjfx\cache\21+31\amd64\msvcp140_2.dll
Event: 0.611 Loaded shared library C:\Users\Movindu Lochana\.openjfx\cache\21+31\amd64\prism_d3d.dll
Event: 0.793 Loaded shared library C:\Users\Movindu Lochana\.openjfx\cache\21+31\amd64\glass.dll
Event: 1.098 Loaded shared library C:\Program Files\Java\jdk-21\bin\jimage.dll
Event: 1.489 Loaded shared library C:\Users\Movindu Lochana\.openjfx\cache\21+31\amd64\javafx_iio.dll
Event: 1.601 Loaded shared library C:\Users\Movindu Lochana\.openjfx\cache\21+31\amd64\javafx_font.dll

Deoptimization events (20 events):
Event: 1.623 Thread 0x00000291ae24ab90 Uncommon trap: trap_request=0xffffffde fr.pc=0x000002919e755360 relative=0x00000000000012e0
Event: 1.623 Thread 0x00000291ae24ab90 Uncommon trap: reason=class_check action=maybe_recompile pc=0x000002919e755360 method=java.io.BufferedInputStream.implRead([BII)I @ 100 c2
Event: 1.623 Thread 0x00000291ae24ab90 DEOPT PACKING pc=0x000002919e755360 sp=0x000000a49ddfc710
Event: 1.623 Thread 0x00000291ae24ab90 DEOPT UNPACKING pc=0x000002919dff46a2 sp=0x000000a49ddfc5f0 mode 2
Event: 1.659 Thread 0x00000291ae24ab90 Uncommon trap: trap_request=0xffffffde fr.pc=0x000002919e76b5c4 relative=0x00000000000002e4
Event: 1.659 Thread 0x00000291ae24ab90 Uncommon trap: reason=class_check action=maybe_recompile pc=0x000002919e76b5c4 method=java.util.HashMap.getNode(Ljava/lang/Object;)Ljava/util/HashMap$Node; @ 128 c2
Event: 1.659 Thread 0x00000291ae24ab90 DEOPT PACKING pc=0x000002919e76b5c4 sp=0x000000a49ddfc920
Event: 1.659 Thread 0x00000291ae24ab90 DEOPT UNPACKING pc=0x000002919dff46a2 sp=0x000000a49ddfc888 mode 2
Event: 1.659 Thread 0x00000291ae24ab90 Uncommon trap: trap_request=0xffffffde fr.pc=0x000002919e76b5c4 relative=0x00000000000002e4
Event: 1.659 Thread 0x00000291ae24ab90 Uncommon trap: reason=class_check action=maybe_recompile pc=0x000002919e76b5c4 method=java.util.HashMap.getNode(Ljava/lang/Object;)Ljava/util/HashMap$Node; @ 128 c2
Event: 1.659 Thread 0x00000291ae24ab90 DEOPT PACKING pc=0x000002919e76b5c4 sp=0x000000a49ddfc920
Event: 1.659 Thread 0x00000291ae24ab90 DEOPT UNPACKING pc=0x000002919dff46a2 sp=0x000000a49ddfc888 mode 2
Event: 1.659 Thread 0x00000291ae24ab90 Uncommon trap: trap_request=0xffffffde fr.pc=0x000002919e76b5c4 relative=0x00000000000002e4
Event: 1.659 Thread 0x00000291ae24ab90 Uncommon trap: reason=class_check action=maybe_recompile pc=0x000002919e76b5c4 method=java.util.HashMap.getNode(Ljava/lang/Object;)Ljava/util/HashMap$Node; @ 128 c2
Event: 1.659 Thread 0x00000291ae24ab90 DEOPT PACKING pc=0x000002919e76b5c4 sp=0x000000a49ddfc920
Event: 1.659 Thread 0x00000291ae24ab90 DEOPT UNPACKING pc=0x000002919dff46a2 sp=0x000000a49ddfc888 mode 2
Event: 1.659 Thread 0x00000291ae24ab90 Uncommon trap: trap_request=0xffffffde fr.pc=0x000002919e76b5c4 relative=0x00000000000002e4
Event: 1.659 Thread 0x00000291ae24ab90 Uncommon trap: reason=class_check action=maybe_recompile pc=0x000002919e76b5c4 method=java.util.HashMap.getNode(Ljava/lang/Object;)Ljava/util/HashMap$Node; @ 128 c2
Event: 1.659 Thread 0x00000291ae24ab90 DEOPT PACKING pc=0x000002919e76b5c4 sp=0x000000a49ddfc920
Event: 1.659 Thread 0x00000291ae24ab90 DEOPT UNPACKING pc=0x000002919dff46a2 sp=0x000000a49ddfc888 mode 2

Classes loaded (20 events):
Event: 1.739 Loading class jdk/internal/org/objectweb/asm/Edge
Event: 1.739 Loading class jdk/internal/org/objectweb/asm/Edge done
Event: 1.740 Loading class java/lang/reflect/Proxy$ProxyBuilder$1
Event: 1.740 Loading class java/lang/reflect/Proxy$ProxyBuilder$1 done
Event: 1.740 Loading class java/lang/annotation/Documented
Event: 1.741 Loading class java/lang/annotation/Documented done
Event: 1.741 Loading class sun/reflect/annotation/AnnotationTypeMismatchExceptionProxy
Event: 1.741 Loading class sun/reflect/annotation/ExceptionProxy
Event: 1.741 Loading class sun/reflect/annotation/ExceptionProxy done
Event: 1.741 Loading class sun/reflect/annotation/AnnotationTypeMismatchExceptionProxy done
Event: 1.742 Loading class java/lang/annotation/Target
Event: 1.742 Loading class java/lang/annotation/Target done
Event: 1.743 Loading class java/lang/reflect/UndeclaredThrowableException
Event: 1.744 Loading class java/lang/reflect/UndeclaredThrowableException done
Event: 1.745 Loading class java/lang/Class$AnnotationData
Event: 1.745 Loading class java/lang/Class$AnnotationData done
Event: 1.778 Loading class sun/nio/cs/UTF_16BE$Decoder
Event: 1.778 Loading class sun/nio/cs/UnicodeDecoder
Event: 1.778 Loading class sun/nio/cs/UnicodeDecoder done
Event: 1.778 Loading class sun/nio/cs/UTF_16BE$Decoder done

Classes unloaded (0 events):
No events

Classes redefined (0 events):
No events

Internal exceptions (20 events):
Event: 1.090 Thread 0x000002918c395950 Exception <a 'java/lang/NoSuchMethodError'{0x0000000713660f90}: 'java.lang.Object java.lang.invoke.DirectMethodHandle$Holder.invokeStatic(java.lang.Object, long, java.lang.Object)'> (0x0000000713660f90) 
thrown [s\open\src\hotspot\share\interpreter\linkResolver.cpp, line 773]
Event: 1.090 Thread 0x000002918c395950 Exception <a 'java/lang/NoSuchMethodError'{0x0000000713664728}: 'java.lang.Object java.lang.invoke.DirectMethodHandle$Holder.invokeStaticInit(java.lang.Object, long, java.lang.Object)'> (0x0000000713664728) 
thrown [s\open\src\hotspot\share\interpreter\linkResolver.cpp, line 773]
Event: 1.176 Thread 0x000002918c395950 Exception <a 'java/lang/NoSuchMethodError'{0x00000007149d6ba8}: 'java.lang.Object java.lang.invoke.DirectMethodHandle$Holder.newInvokeSpecial(java.lang.Object, java.lang.Object, java.lang.Object, java.lang.Object, java.lang.Object)'> (0x00000007149d6ba8) 
thrown [s\open\src\hotspot\share\interpreter\linkResolver.cpp, line 773]
Event: 1.330 Thread 0x00000291ae24ab90 Exception <a 'java/lang/NoSuchMethodError'{0x0000000713e53730}: 'java.lang.Object java.lang.invoke.DirectMethodHandle$Holder.invokeStaticInit(java.lang.Object, java.lang.Object, java.lang.Object, java.lang.Object)'> (0x0000000713e53730) 
thrown [s\open\src\hotspot\share\interpreter\linkResolver.cpp, line 773]
Event: 1.332 Thread 0x00000291ae24ab90 Exception <a 'java/lang/NullPointerException'{0x0000000713e60400}> (0x0000000713e60400) 
thrown [s\open\src\hotspot\share\interpreter\linkResolver.cpp, line 1372]
Event: 1.371 Thread 0x00000291ae24ab90 Exception <a 'java/lang/ClassNotFoundException'{0x0000000713f7faf0}: sun/util/logging/resources/spi/loggingProvider> (0x0000000713f7faf0) 
thrown [s\open\src\hotspot\share\classfile\systemDictionary.cpp, line 312]
Event: 1.534 Thread 0x00000291ae24ab90 Exception <a 'java/lang/NoSuchMethodError'{0x0000000713b357e0}: 'void java.lang.invoke.DirectMethodHandle$Holder.invokeSpecial(java.lang.Object, java.lang.Object, double)'> (0x0000000713b357e0) 
thrown [s\open\src\hotspot\share\interpreter\linkResolver.cpp, line 773]
Event: 1.536 Thread 0x00000291ae24ab90 Exception <a 'java/lang/NoSuchMethodError'{0x0000000713b40418}: 'double java.lang.invoke.DelegatingMethodHandle$Holder.reinvoke_L(java.lang.Object, java.lang.Object, int)'> (0x0000000713b40418) 
thrown [s\open\src\hotspot\share\interpreter\linkResolver.cpp, line 773]
Event: 1.538 Thread 0x00000291ae24ab90 Exception <a 'java/lang/NoSuchMethodError'{0x0000000713b51ef0}: 'java.lang.Object java.lang.invoke.DirectMethodHandle$Holder.invokeStatic(java.lang.Object, java.lang.Object, java.lang.Object, java.lang.Object, int)'> (0x0000000713b51ef0) 
thrown [s\open\src\hotspot\share\interpreter\linkResolver.cpp, line 773]
Event: 1.539 Thread 0x00000291ae24ab90 Exception <a 'java/lang/NoSuchMethodError'{0x0000000713b5d050}: 'void java.lang.invoke.DelegatingMethodHandle$Holder.reinvoke_L(java.lang.Object, java.lang.Object, double)'> (0x0000000713b5d050) 
thrown [s\open\src\hotspot\share\interpreter\linkResolver.cpp, line 773]
Event: 1.542 Thread 0x00000291ae24ab90 Exception <a 'java/lang/NoSuchMethodError'{0x0000000713b6ee80}: 'void java.lang.invoke.DirectMethodHandle$Holder.invokeSpecial(java.lang.Object, java.lang.Object, int)'> (0x0000000713b6ee80) 
thrown [s\open\src\hotspot\share\interpreter\linkResolver.cpp, line 773]
Event: 1.542 Thread 0x00000291ae24ab90 Exception <a 'java/lang/NoSuchMethodError'{0x0000000713b72c10}: 'int java.lang.invoke.DirectMethodHandle$Holder.invokeSpecial(java.lang.Object, java.lang.Object, java.lang.Object, int)'> (0x0000000713b72c10) 
thrown [s\open\src\hotspot\share\interpreter\linkResolver.cpp, line 773]
Event: 1.544 Thread 0x00000291ae24ab90 Exception <a 'java/lang/NoSuchMethodError'{0x0000000713b7cdc8}: 'void java.lang.invoke.DelegatingMethodHandle$Holder.reinvoke_L(java.lang.Object, java.lang.Object, int)'> (0x0000000713b7cdc8) 
thrown [s\open\src\hotspot\share\interpreter\linkResolver.cpp, line 773]
Event: 1.544 Thread 0x00000291ae24ab90 Exception <a 'java/lang/NoSuchMethodError'{0x0000000713b80800}: 'int java.lang.invoke.DirectMethodHandle$Holder.invokeSpecial(java.lang.Object, java.lang.Object, java.lang.Object)'> (0x0000000713b80800) 
thrown [s\open\src\hotspot\share\interpreter\linkResolver.cpp, line 773]
Event: 1.572 Thread 0x00000291ae24ab90 Exception <a 'java/lang/ClassNotFoundException'{0x000000071385d478}: com/sun/glass/ui/win/themes> (0x000000071385d478) 
thrown [s\open\src\hotspot\share\prims\jni.cpp, line 539]
Event: 1.574 Thread 0x00000291ae24ab90 Exception <a 'java/lang/ClassNotFoundException'{0x00000007138654f8}: com/sun/glass/ui/win/themes_en> (0x00000007138654f8) 
thrown [s\open\src\hotspot\share\prims\jni.cpp, line 539]
Event: 1.574 Thread 0x00000291ae24ab90 Exception <a 'java/lang/ClassNotFoundException'{0x000000071386d320}: com/sun/glass/ui/win/themes_en_US> (0x000000071386d320) 
thrown [s\open\src\hotspot\share\prims\jni.cpp, line 539]
Event: 1.690 Thread 0x00000291ae24ab90 Exception <a 'java/lang/NoSuchMethodError'{0x0000000712e88d48}: 'void java.lang.invoke.DirectMethodHandle$Holder.invokeStaticInit(java.lang.Object, java.lang.Object)'> (0x0000000712e88d48) 
thrown [s\open\src\hotspot\share\interpreter\linkResolver.cpp, line 773]
Event: 1.752 Thread 0x00000291ae24ab90 Exception <a 'java/lang/NoSuchMethodError'{0x0000000712d842b0}: 'void java.lang.invoke.Invokers$Holder.invokeExact_MT(java.lang.Object, java.lang.Object, java.lang.Object, java.lang.Object)'> (0x0000000712d842b0) 
thrown [s\open\src\hotspot\share\interpreter\linkResolver.cpp, line 773]
Event: 1.777 Thread 0x00000291ae24ab90 Exception <a 'java/io/FileNotFoundException'{0x0000000712a31c88}> (0x0000000712a31c88) 
thrown [s\open\src\hotspot\share\prims\jni.cpp, line 520]

ZGC Phase Switch (0 events):
No events

VM Operations (20 events):
Event: 0.185 Executing VM operation: HandshakeAllThreads (Deoptimize)
Event: 0.185 Executing VM operation: HandshakeAllThreads (Deoptimize) done
Event: 0.783 Executing VM operation: HandshakeAllThreads (Deoptimize)
Event: 0.783 Executing VM operation: HandshakeAllThreads (Deoptimize) done
Event: 1.092 Executing VM operation: HandshakeAllThreads (Deoptimize)
Event: 1.092 Executing VM operation: HandshakeAllThreads (Deoptimize) done
Event: 1.092 Executing VM operation: Cleanup
Event: 1.092 Executing VM operation: Cleanup done
Event: 1.093 Executing VM operation: G1CollectForAllocation (G1 Evacuation Pause)
Event: 1.097 Executing VM operation: G1CollectForAllocation (G1 Evacuation Pause) done
Event: 1.296 Executing VM operation: HandshakeAllThreads (Deoptimize)
Event: 1.296 Executing VM operation: HandshakeAllThreads (Deoptimize) done
Event: 1.298 Executing VM operation: HandshakeAllThreads (Deoptimize)
Event: 1.298 Executing VM operation: HandshakeAllThreads (Deoptimize) done
Event: 1.389 Executing VM operation: HandshakeAllThreads (Deoptimize)
Event: 1.389 Executing VM operation: HandshakeAllThreads (Deoptimize) done
Event: 1.606 Executing VM operation: HandshakeAllThreads (Deoptimize)
Event: 1.606 Executing VM operation: HandshakeAllThreads (Deoptimize) done
Event: 1.737 Executing VM operation: HandshakeAllThreads (Deoptimize)
Event: 1.737 Executing VM operation: HandshakeAllThreads (Deoptimize) done

Events (20 events):
Event: 0.120 Thread 0x00000291ae25c280 Thread added: 0x00000291ae25c280
Event: 0.121 Thread 0x00000291ae25ddc0 Thread added: 0x00000291ae25ddc0
Event: 0.142 Thread 0x00000291ae25d6f0 Thread added: 0x00000291ae25d6f0
Event: 0.145 Thread 0x00000291ae25e490 Thread added: 0x00000291ae25e490
Event: 0.148 Thread 0x00000291ae25ae10 Thread added: 0x00000291ae25ae10
Event: 0.205 Thread 0x00000291ae24a500 Thread added: 0x00000291ae24a500
Event: 0.218 Thread 0x00000291ae25bbb0 Thread added: 0x00000291ae25bbb0
Event: 0.468 Thread 0x00000291ae25bbb0 Thread exited: 0x00000291ae25bbb0
Event: 0.468 Thread 0x00000291ae25ae10 Thread exited: 0x00000291ae25ae10
Event: 0.527 Thread 0x00000291ae25e490 Thread exited: 0x00000291ae25e490
Event: 0.527 Thread 0x00000291ae25d6f0 Thread exited: 0x00000291ae25d6f0
Event: 0.599 Thread 0x00000291ae248430 Thread added: 0x00000291ae248430
Event: 0.764 Thread 0x00000291ae25ddc0 Thread exited: 0x00000291ae25ddc0
Event: 0.795 Thread 0x00000291ae2497e0 Thread added: 0x00000291ae2497e0
Event: 0.800 Thread 0x00000291ae24ab90 Thread added: 0x00000291ae24ab90
Event: 1.084 Thread 0x00000291ae248ac0 Thread added: 0x00000291ae248ac0
Event: 1.177 Thread 0x00000291ae247710 Thread added: 0x00000291ae247710
Event: 1.362 Thread 0x00000291ae25d6f0 Thread added: 0x00000291ae25d6f0
Event: 1.362 Thread 0x00000291ae25bbb0 Thread added: 0x00000291ae25bbb0
Event: 1.670 Thread 0x00000291ae25ddc0 Thread added: 0x00000291ae25ddc0


Dynamic libraries:
0x00007ff779f10000 - 0x00007ff779f20000 	C:\Program Files\Java\jdk-21\bin\java.exe
0x00007ffc1b780000 - 0x00007ffc1b9e6000 	C:\WINDOWS\SYSTEM32\ntdll.dll
0x00007ffc1ab60000 - 0x00007ffc1ac29000 	C:\WINDOWS\System32\KERNEL32.DLL
0x00007ffc19030000 - 0x00007ffc1942a000 	C:\WINDOWS\System32\KERNELBASE.dll
0x00007ffc18af0000 - 0x00007ffc18c3c000 	C:\WINDOWS\System32\ucrtbase.dll
0x00007ffbc94e0000 - 0x00007ffbc94f9000 	C:\Program Files\Java\jdk-21\bin\jli.dll
0x00007ffb92d90000 - 0x00007ffb92dab000 	C:\Program Files\Java\jdk-21\bin\VCRUNTIME140.dll
0x00007ffc195d0000 - 0x00007ffc19686000 	C:\WINDOWS\System32\ADVAPI32.dll
0x00007ffc19890000 - 0x00007ffc19939000 	C:\WINDOWS\System32\msvcrt.dll
0x00007ffc1b630000 - 0x00007ffc1b6da000 	C:\WINDOWS\System32\sechost.dll
0x00007ffc1a0d0000 - 0x00007ffc1a1e8000 	C:\WINDOWS\System32\RPCRT4.dll
0x00007ffc1a590000 - 0x00007ffc1a757000 	C:\WINDOWS\System32\USER32.dll
0x00007ffbf38f0000 - 0x00007ffbf3b82000 	C:\WINDOWS\WinSxS\amd64_microsoft.windows.common-controls_6595b64144ccf1df_6.0.26100.8521_none_3e08b75ce33403b3\COMCTL32.dll
0x00007ffc18a10000 - 0x00007ffc18a37000 	C:\WINDOWS\System32\win32u.dll
0x00007ffc1ae20000 - 0x00007ffc1ae4b000 	C:\WINDOWS\System32\GDI32.dll
0x00007ffc18e70000 - 0x00007ffc18f9b000 	C:\WINDOWS\System32\gdi32full.dll
0x00007ffc18dc0000 - 0x00007ffc18e63000 	C:\WINDOWS\System32\msvcp_win.dll
0x00007ffc11d60000 - 0x00007ffc11d6b000 	C:\WINDOWS\SYSTEM32\VERSION.dll
0x00007ffc1b700000 - 0x00007ffc1b732000 	C:\WINDOWS\System32\IMM32.DLL
0x00007ffbea9a0000 - 0x00007ffbea9ac000 	C:\Program Files\Java\jdk-21\bin\vcruntime140_1.dll
0x00007ffae1e60000 - 0x00007ffae1eee000 	C:\Program Files\Java\jdk-21\bin\msvcp140.dll
0x00007ffa942a0000 - 0x00007ffa94fba000 	C:\Program Files\Java\jdk-21\bin\server\jvm.dll
0x00007ffc1a1f0000 - 0x00007ffc1a270000 	C:\WINDOWS\System32\WS2_32.dll
0x00007ffc18870000 - 0x00007ffc188ce000 	C:\WINDOWS\SYSTEM32\POWRPROF.dll
0x00007ffc006b0000 - 0x00007ffc006e6000 	C:\WINDOWS\SYSTEM32\WINMM.dll
0x00007ffc18850000 - 0x00007ffc18864000 	C:\WINDOWS\SYSTEM32\UMPDC.dll
0x00007ffc177a0000 - 0x00007ffc177bb000 	C:\WINDOWS\SYSTEM32\kernel.appcore.dll
0x00007ffbe4fe0000 - 0x00007ffbe4fea000 	C:\Program Files\Java\jdk-21\bin\jimage.dll
0x00007ffc16190000 - 0x00007ffc163d2000 	C:\WINDOWS\SYSTEM32\DBGHELP.DLL
0x00007ffc1a7d0000 - 0x00007ffc1ab53000 	C:\WINDOWS\System32\combase.dll
0x00007ffc1a3b0000 - 0x00007ffc1a489000 	C:\WINDOWS\System32\OLEAUT32.dll
0x00007ffbdbe90000 - 0x00007ffbdbecb000 	C:\WINDOWS\SYSTEM32\dbgcore.DLL
0x00007ffc18a40000 - 0x00007ffc18ae8000 	C:\WINDOWS\System32\bcryptPrimitives.dll
0x00007ffb92b70000 - 0x00007ffb92b8f000 	C:\Program Files\Java\jdk-21\bin\java.dll
0x00007ffc19940000 - 0x00007ffc1a0c4000 	C:\WINDOWS\System32\SHELL32.dll
0x00007ffc165b0000 - 0x00007ffc16e30000 	C:\WINDOWS\SYSTEM32\windows.storage.dll
0x00007ffc1a490000 - 0x00007ffc1a586000 	C:\WINDOWS\System32\SHCORE.dll
0x00007ffc1a760000 - 0x00007ffc1a7c7000 	C:\WINDOWS\System32\shlwapi.dll
0x00007ffc18930000 - 0x00007ffc18959000 	C:\WINDOWS\SYSTEM32\profapi.dll
0x00007ffae1d80000 - 0x00007ffae1e57000 	C:\Program Files\Java\jdk-21\bin\jsvml.dll
0x00007ffbce1b0000 - 0x00007ffbce1c0000 	C:\Program Files\Java\jdk-21\bin\net.dll
0x00007ffc120d0000 - 0x00007ffc121f9000 	C:\WINDOWS\SYSTEM32\WINHTTP.dll
0x00007ffc17d10000 - 0x00007ffc17d7c000 	C:\WINDOWS\system32\mswsock.dll
0x00007ffb92b50000 - 0x00007ffb92b66000 	C:\Program Files\Java\jdk-21\bin\nio.dll
0x00007ffb92b30000 - 0x00007ffb92b48000 	C:\Program Files\Java\jdk-21\bin\zip.dll
0x000002918ca50000 - 0x000002918ca53000 	C:\Users\Movindu Lochana\.openjfx\cache\21+31\amd64\api-ms-win-core-console-l1-1-0.dll
0x00000291aef70000 - 0x00000291aef73000 	C:\Users\Movindu Lochana\.openjfx\cache\21+31\amd64\api-ms-win-core-console-l1-2-0.dll
0x00000291aef80000 - 0x00000291aef83000 	C:\Users\Movindu Lochana\.openjfx\cache\21+31\amd64\api-ms-win-core-datetime-l1-1-0.dll
0x00000291aef90000 - 0x00000291aef93000 	C:\Users\Movindu Lochana\.openjfx\cache\21+31\amd64\api-ms-win-core-debug-l1-1-0.dll
0x00000291aefa0000 - 0x00000291aefa3000 	C:\Users\Movindu Lochana\.openjfx\cache\21+31\amd64\api-ms-win-core-errorhandling-l1-1-0.dll
0x00000291aefb0000 - 0x00000291aefb4000 	C:\Users\Movindu Lochana\.openjfx\cache\21+31\amd64\api-ms-win-core-file-l1-1-0.dll
0x00000291aefc0000 - 0x00000291aefc3000 	C:\Users\Movindu Lochana\.openjfx\cache\21+31\amd64\api-ms-win-core-file-l1-2-0.dll
0x00000291aefd0000 - 0x00000291aefd3000 	C:\Users\Movindu Lochana\.openjfx\cache\21+31\amd64\api-ms-win-core-file-l2-1-0.dll
0x00000291aefe0000 - 0x00000291aefe3000 	C:\Users\Movindu Lochana\.openjfx\cache\21+31\amd64\api-ms-win-core-handle-l1-1-0.dll
0x00000291aeff0000 - 0x00000291aeff3000 	C:\Users\Movindu Lochana\.openjfx\cache\21+31\amd64\api-ms-win-core-heap-l1-1-0.dll
0x00000291f4fd0000 - 0x00000291f4fd3000 	C:\Users\Movindu Lochana\.openjfx\cache\21+31\amd64\api-ms-win-core-interlocked-l1-1-0.dll
0x00000291f4fe0000 - 0x00000291f4fe3000 	C:\Users\Movindu Lochana\.openjfx\cache\21+31\amd64\api-ms-win-core-libraryloader-l1-1-0.dll
0x00000291f4ff0000 - 0x00000291f4ff3000 	C:\Users\Movindu Lochana\.openjfx\cache\21+31\amd64\api-ms-win-core-localization-l1-2-0.dll
0x00000291f5000000 - 0x00000291f5003000 	C:\Users\Movindu Lochana\.openjfx\cache\21+31\amd64\api-ms-win-core-memory-l1-1-0.dll
0x00000291f5010000 - 0x00000291f5013000 	C:\Users\Movindu Lochana\.openjfx\cache\21+31\amd64\api-ms-win-core-namedpipe-l1-1-0.dll
0x00000291f5020000 - 0x00000291f5023000 	C:\Users\Movindu Lochana\.openjfx\cache\21+31\amd64\api-ms-win-core-processenvironment-l1-1-0.dll
0x00000291f5030000 - 0x00000291f5033000 	C:\Users\Movindu Lochana\.openjfx\cache\21+31\amd64\api-ms-win-core-processthreads-l1-1-0.dll
0x00000291f5040000 - 0x00000291f5043000 	C:\Users\Movindu Lochana\.openjfx\cache\21+31\amd64\api-ms-win-core-processthreads-l1-1-1.dll
0x00000291f5050000 - 0x00000291f5053000 	C:\Users\Movindu Lochana\.openjfx\cache\21+31\amd64\api-ms-win-core-profile-l1-1-0.dll
0x00000291f5060000 - 0x00000291f5063000 	C:\Users\Movindu Lochana\.openjfx\cache\21+31\amd64\api-ms-win-core-rtlsupport-l1-1-0.dll
0x00000291f5070000 - 0x00000291f5073000 	C:\Users\Movindu Lochana\.openjfx\cache\21+31\amd64\api-ms-win-core-string-l1-1-0.dll
0x00000291f5080000 - 0x00000291f5083000 	C:\Users\Movindu Lochana\.openjfx\cache\21+31\amd64\api-ms-win-core-synch-l1-1-0.dll
0x00000291f5090000 - 0x00000291f5093000 	C:\Users\Movindu Lochana\.openjfx\cache\21+31\amd64\api-ms-win-core-synch-l1-2-0.dll
0x00000291f50a0000 - 0x00000291f50a3000 	C:\Users\Movindu Lochana\.openjfx\cache\21+31\amd64\api-ms-win-core-sysinfo-l1-1-0.dll
0x00000291f50b0000 - 0x00000291f50b3000 	C:\Users\Movindu Lochana\.openjfx\cache\21+31\amd64\api-ms-win-core-timezone-l1-1-0.dll
0x00000291f50c0000 - 0x00000291f50c3000 	C:\Users\Movindu Lochana\.openjfx\cache\21+31\amd64\api-ms-win-core-util-l1-1-0.dll
0x00000291f50d0000 - 0x00000291f50d3000 	C:\Users\Movindu Lochana\.openjfx\cache\21+31\amd64\api-ms-win-crt-conio-l1-1-0.dll
0x00000291f50e0000 - 0x00000291f50e4000 	C:\Users\Movindu Lochana\.openjfx\cache\21+31\amd64\api-ms-win-crt-convert-l1-1-0.dll
0x00000291f50f0000 - 0x00000291f50f3000 	C:\Users\Movindu Lochana\.openjfx\cache\21+31\amd64\api-ms-win-crt-environment-l1-1-0.dll
0x00000291f5100000 - 0x00000291f5103000 	C:\Users\Movindu Lochana\.openjfx\cache\21+31\amd64\api-ms-win-crt-filesystem-l1-1-0.dll
0x00000291f5110000 - 0x00000291f5113000 	C:\Users\Movindu Lochana\.openjfx\cache\21+31\amd64\api-ms-win-crt-heap-l1-1-0.dll
0x00000291f5120000 - 0x00000291f5123000 	C:\Users\Movindu Lochana\.openjfx\cache\21+31\amd64\api-ms-win-crt-locale-l1-1-0.dll
0x00000291f5130000 - 0x00000291f5135000 	C:\Users\Movindu Lochana\.openjfx\cache\21+31\amd64\api-ms-win-crt-math-l1-1-0.dll
0x00000291f5140000 - 0x00000291f5145000 	C:\Users\Movindu Lochana\.openjfx\cache\21+31\amd64\api-ms-win-crt-multibyte-l1-1-0.dll
0x00000291f5150000 - 0x00000291f5160000 	C:\Users\Movindu Lochana\.openjfx\cache\21+31\amd64\api-ms-win-crt-private-l1-1-0.dll
0x00000291f5160000 - 0x00000291f5163000 	C:\Users\Movindu Lochana\.openjfx\cache\21+31\amd64\api-ms-win-crt-process-l1-1-0.dll
0x00000291f5170000 - 0x00000291f5174000 	C:\Users\Movindu Lochana\.openjfx\cache\21+31\amd64\api-ms-win-crt-runtime-l1-1-0.dll
0x00000291f5180000 - 0x00000291f5184000 	C:\Users\Movindu Lochana\.openjfx\cache\21+31\amd64\api-ms-win-crt-stdio-l1-1-0.dll
0x00000291f5190000 - 0x00000291f5194000 	C:\Users\Movindu Lochana\.openjfx\cache\21+31\amd64\api-ms-win-crt-string-l1-1-0.dll
0x00000291f51a0000 - 0x00000291f51a3000 	C:\Users\Movindu Lochana\.openjfx\cache\21+31\amd64\api-ms-win-crt-time-l1-1-0.dll
0x00000291f51b0000 - 0x00000291f51b3000 	C:\Users\Movindu Lochana\.openjfx\cache\21+31\amd64\api-ms-win-crt-utility-l1-1-0.dll
0x00007ffae0a70000 - 0x00007ffae0b6c000 	C:\Users\Movindu Lochana\.openjfx\cache\21+31\amd64\ucrtbase.dll
0x00007ffb92ac0000 - 0x00007ffb92adb000 	C:\Users\Movindu Lochana\.openjfx\cache\21+31\amd64\vcruntime140.dll
0x00007ffbc92d0000 - 0x00007ffbc92dc000 	C:\Users\Movindu Lochana\.openjfx\cache\21+31\amd64\vcruntime140_1.dll
0x00007ffae09e0000 - 0x00007ffae0a6e000 	C:\Users\Movindu Lochana\.openjfx\cache\21+31\amd64\msvcp140.dll
0x00007ffc196f0000 - 0x00007ffc19888000 	C:\WINDOWS\System32\ole32.dll
0x00007ffbb5200000 - 0x00007ffbb5209000 	C:\Users\Movindu Lochana\.openjfx\cache\21+31\amd64\msvcp140_1.dll
0x00007ffb925e0000 - 0x00007ffb9260f000 	C:\Users\Movindu Lochana\.openjfx\cache\21+31\amd64\msvcp140_2.dll
0x00007ffb925b0000 - 0x00007ffb925df000 	C:\Users\Movindu Lochana\.openjfx\cache\21+31\amd64\prism_d3d.dll
0x00007ffbdac40000 - 0x00007ffbdadf1000 	C:\WINDOWS\system32\d3d9.dll
0x00007ffc15af0000 - 0x00007ffc15b1f000 	C:\WINDOWS\SYSTEM32\dwmapi.dll
0x00007ffc15940000 - 0x00007ffc15984000 	C:\WINDOWS\SYSTEM32\dxcore.dll
0x00007ffc15810000 - 0x00007ffc158ba000 	C:\WINDOWS\system32\uxtheme.dll
0x00007ffc11d70000 - 0x00007ffc11e34000 	C:\WINDOWS\System32\DriverStore\FileRepository\nvlt.inf_amd64_86f1f1eb3802d728\nvldumdx.dll
0x00007ffc18060000 - 0x00007ffc18073000 	C:\WINDOWS\SYSTEM32\msasn1.dll
0x00007ffc11a00000 - 0x00007ffc11a3b000 	C:\WINDOWS\SYSTEM32\cryptnet.dll
0x00007ffc18c40000 - 0x00007ffc18db8000 	C:\WINDOWS\System32\CRYPT32.dll
0x00007ffc18010000 - 0x00007ffc1801c000 	C:\WINDOWS\SYSTEM32\cryptbase.dll
0x00007ffc180d0000 - 0x00007ffc1813a000 	C:\WINDOWS\SYSTEM32\wldp.dll
0x00007ffc11740000 - 0x00007ffc118b8000 	C:\WINDOWS\SYSTEM32\drvstore.dll
0x00007ffc185b0000 - 0x00007ffc185dd000 	C:\WINDOWS\SYSTEM32\devobj.dll
0x00007ffc18550000 - 0x00007ffc185a1000 	C:\WINDOWS\SYSTEM32\cfgmgr32.dll
0x00007ffc18fa0000 - 0x00007ffc19023000 	C:\WINDOWS\System32\wintrust.dll
0x00007ffc1a380000 - 0x00007ffc1a3a0000 	C:\WINDOWS\System32\imagehlp.dll
0x00007ffc17ff0000 - 0x00007ffc1800b000 	C:\WINDOWS\SYSTEM32\CRYPTSP.dll
0x00007ffc17700000 - 0x00007ffc17739000 	C:\WINDOWS\system32\rsaenh.dll
0x00007ffc18900000 - 0x00007ffc1892a000 	C:\WINDOWS\SYSTEM32\bcrypt.dll
0x00007ffc0a7b0000 - 0x00007ffc0f4af000 	C:\WINDOWS\System32\DriverStore\FileRepository\nvlt.inf_amd64_86f1f1eb3802d728\nvgpucomp64.dll
0x00007ffc006f0000 - 0x00007ffc00820000 	C:\WINDOWS\System32\DriverStore\FileRepository\nvlt.inf_amd64_86f1f1eb3802d728\NvMemMapStoragex.dll
0x00007ffb8ebd0000 - 0x00007ffb90ef3000 	C:\WINDOWS\System32\DriverStore\FileRepository\nvlt.inf_amd64_86f1f1eb3802d728\nvd3dumx.dll
0x00007ffc12f90000 - 0x00007ffc12fef000 	C:\WINDOWS\SYSTEM32\directxdatabasehelper.dll
0x00007ffae0990000 - 0x00007ffae09d2000 	C:\Users\Movindu Lochana\.openjfx\cache\21+31\amd64\glass.dll
0x00007ffc1b040000 - 0x00007ffc1b132000 	C:\WINDOWS\System32\COMDLG32.dll
0x00007ffb93c30000 - 0x00007ffb93d63000 	C:\ProgramData\A-Volute\A-Volute.Nahimic\Modules\Scheduled\x64\AudioDevProps2.dll
0x00007ffc15460000 - 0x00007ffc15500000 	C:\WINDOWS\SYSTEM32\apphelp.dll
0x00007ffc1ac30000 - 0x00007ffc1ad8d000 	C:\WINDOWS\System32\MSCTF.dll
0x00007ffbcdb90000 - 0x00007ffbcde96000 	C:\WINDOWS\system32\nvspcap64.dll
0x00007ffc178c0000 - 0x00007ffc178f6000 	C:\WINDOWS\SYSTEM32\ntmarta.dll
0x00007ffc17d80000 - 0x00007ffc17daf000 	C:\WINDOWS\SYSTEM32\gpapi.dll
0x00007ffbcb090000 - 0x00007ffbcb247000 	C:\WINDOWS\System32\DriverStore\FileRepository\nvlt.inf_amd64_86f1f1eb3802d728\nvppex.dll
0x00007ffae22f0000 - 0x00007ffae231d000 	C:\Users\Movindu Lochana\.openjfx\cache\21+31\amd64\javafx_iio.dll
0x00007ffb01530000 - 0x00007ffb01544000 	C:\Users\Movindu Lochana\.openjfx\cache\21+31\amd64\javafx_font.dll
0x00007ffc14530000 - 0x00007ffc14797000 	C:\WINDOWS\SYSTEM32\dwrite.dll

dbghelp: loaded successfully - version: 4.0.5 - missing functions: none
symbol engine: initialized successfully - sym options: 0x614 - pdb path: .;C:\Program Files\Java\jdk-21\bin;C:\WINDOWS\SYSTEM32;C:\WINDOWS\WinSxS\amd64_microsoft.windows.common-controls_6595b64144ccf1df_6.0.26100.8521_none_3e08b75ce33403b3;C:\Program Files\Java\jdk-21\bin\server;C:\Users\Movindu Lochana\.openjfx\cache\21+31\amd64;C:\WINDOWS\System32\DriverStore\FileRepository\nvlt.inf_amd64_86f1f1eb3802d728;C:\ProgramData\A-Volute\A-Volute.Nahimic\Modules\Scheduled\x64

VM Arguments:
jvm_args: --module-path=C:\Users\Movindu Lochana\.m2\repository\org\openjfx\javafx-base\21\javafx-base-21-win.jar;C:\Users\Movindu Lochana\.m2\repository\org\openjfx\javafx-base\21\javafx-base-21.jar;C:\Users\Movindu Lochana\.m2\repository\org\openjfx\javafx-controls\21\javafx-controls-21-win.jar;C:\Users\Movindu Lochana\.m2\repository\org\openjfx\javafx-controls\21\javafx-controls-21.jar;C:\Users\Movindu Lochana\.m2\repository\org\openjfx\javafx-fxml\21\javafx-fxml-21-win.jar;C:\Users\Movindu Lochana\.m2\repository\org\openjfx\javafx-fxml\21\javafx-fxml-21.jar;C:\Users\Movindu Lochana\.m2\repository\org\openjfx\javafx-graphics\21\javafx-graphics-21-win.jar;C:\Users\Movindu Lochana\.m2\repository\org\openjfx\javafx-graphics\21\javafx-graphics-21.jar;C:\Users\Movindu Lochana\.m2\repository\org\openjfx\javafx-swing\21\javafx-swing-21-win.jar;C:\Users\Movindu Lochana\.m2\repository\org\openjfx\javafx-swing\21\javafx-swing-21.jar --add-modules=javafx.base,javafx.controls,javafx.fxml,javafx.graphics,javafx.swing 
java_command: Starter
java_class_path (initial): C:\Users\Movindu Lochana\Downloads\Document-scanner-ocr-Sin-Tam-Eng-Naveen-UI (2)\Document-scanner-ocr-Sin-Tam-Eng-Naveen-UI\Document-scanner-ocr-Sin-Tam-Eng-Naveen-UI\target\classes;C:\Users\Movindu Lochana\.m2\repository\com\github\sarxos\webcam-capture\0.3.12\webcam-capture-0.3.12.jar;C:\Users\Movindu Lochana\.m2\repository\com\google\protobuf\protobuf-java\4.31.1\protobuf-java-4.31.1.jar;C:\Users\Movindu Lochana\.m2\repository\com\jfoenix\jfoenix\9.0.10\jfoenix-9.0.10.jar;C:\Users\Movindu Lochana\.m2\repository\com\mysql\mysql-connector-j\9.4.0\mysql-connector-j-9.4.0.jar;C:\Users\Movindu Lochana\.m2\repository\com\nativelibs4java\bridj\0.7.0\bridj-0.7.0.jar;C:\Users\Movindu Lochana\.m2\repository\commons-logging\commons-logging\1.3.5\commons-logging-1.3.5.jar;C:\Users\Movindu Lochana\.m2\repository\org\apache\pdfbox\fontbox\3.0.7\fontbox-3.0.7.jar;C:\Users\Movindu Lochana\.m2\repository\org\apache\pdfbox\pdfbox\3.0.7\pdfbox-3.0.7.jar;C:\Users\Movindu Lochana\.m2\repository\org\apache\pdfbox\pdfbox-io\3.0.7\pdfbox-io-3.0.7.jar;C:\Users\Movindu Lochana\.m2\repository\org\fxmisc\flowless\flowless\0.7.4\flowless-0.7.4.jar;C:\Users\Movindu Lochana\.m2\repository\org\fxmisc\richtext\richtextfx\0.11.7\richtextfx-0.11.7.jar;C:\Users\Movindu Lochana\.m2\repository\org\fxmisc\undo\undofx\2.1.1\undofx-2.1.1.jar;C:\Users\Movindu Lochana\.m2\repository\org\fxmisc\wellbehaved\wellbehavedfx\0.3.3\wellbehavedfx-0.3.3.jar;C:\Users\Movindu Lochana\.m2\repository\org\kordamp\ikonli\ikonli-core\12.4.0\ikonli-core-12.4.0.jar;C:\Users\Movindu Lochana\.m2\repository\org\kordamp\ikonli\ikonli-fontawesome5-pack\12.4.0\ikonli-fontawesome5-pack-12.4.0.jar;C:\Users\Movindu Lochana\.m2\repository\org\kordamp\ikonli\ikonli-javafx\12.4.0\ikonli-javafx-12.4.0.jar;C:\Users\Movindu Lochana\.m2\repository\org\projectlombok\lombok\1.18.36\lombok-1.18.36.jar;C:\Users\Movindu Lochana\.m2\repository\org\reactfx\reactfx\2.0-M5\reactfx-2.0-M5.jar;C:\Users\Movindu Lochana\.m2\repository\org\slf4j\slf4j-api\1.7.2\slf4j-api-1.7.2.jar
Launcher Type: SUN_STANDARD

[Global flags]
     intx CICompilerCount                          = 12                                        {product} {ergonomic}
     uint ConcGCThreads                            = 3                                         {product} {ergonomic}
     uint G1ConcRefinementThreads                  = 13                                        {product} {ergonomic}
   size_t G1HeapRegionSize                         = 2097152                                   {product} {ergonomic}
    uintx GCDrainStackTargetSize                   = 64                                        {product} {ergonomic}
   size_t InitialHeapSize                          = 264241152                                 {product} {ergonomic}
   size_t MarkStackSize                            = 4194304                                   {product} {ergonomic}
   size_t MaxHeapSize                              = 4213178368                                {product} {ergonomic}
   size_t MaxNewSize                               = 2527068160                                {product} {ergonomic}
   size_t MinHeapDeltaBytes                        = 2097152                                   {product} {ergonomic}
   size_t MinHeapSize                              = 8388608                                   {product} {ergonomic}
    uintx NonNMethodCodeHeapSize                   = 7602480                                {pd product} {ergonomic}
    uintx NonProfiledCodeHeapSize                  = 122027880                              {pd product} {ergonomic}
    uintx ProfiledCodeHeapSize                     = 122027880                              {pd product} {ergonomic}
    uintx ReservedCodeCacheSize                    = 251658240                              {pd product} {ergonomic}
     bool SegmentedCodeCache                       = true                                      {product} {ergonomic}
   size_t SoftMaxHeapSize                          = 4213178368                             {manageable} {ergonomic}
     bool UseCompressedOops                        = true                           {product lp64_product} {ergonomic}
     bool UseG1GC                                  = true                                      {product} {ergonomic}
     bool UseLargePagesIndividualAllocation        = false                                  {pd product} {ergonomic}

Logging:
Log output configuration:
 #0: stdout all=warning uptime,level,tags foldmultilines=false
 #1: stderr all=off uptime,level,tags foldmultilines=false

Environment Variables:
PATH=D:\app\oracle\product\11.2.0\server\bin;C:\Program Files (x86)\Common Files\Intel\Shared Libraries\redist\intel64\compiler;C:\Program Files\Common Files\Oracle\Java\javapath;C:\Program Files (x86)\VMware\VMware Player\bin\;C:\WINDOWS\system32;C:\WINDOWS;C:\WINDOWS\System32\Wbem;C:\WINDOWS\System32\WindowsPowerShell\v1.0\;C:\WINDOWS\System32\OpenSSH\;C:\Program Files (x86)\NVIDIA Corporation\PhysX\Common;C:\Program Files\NVIDIA Corporation\NVIDIA app\NvDLISR;C:\Program Files\Java\jdk-21\bin;C:\Program Files\dotnet\;D:\runtime\win64;D:\bin;D:\New folder\bin;C:\Program Files\Git\cmd;C:\Program Files\Tesseract-OCR;C:\Program Files (x86)\Microsoft SQL Server\160\Tools\Binn\;C:\Program Files\Microsoft SQL Server\160\Tools\Binn\;C:\Program Files\Microsoft SQL Server\Client SDK\ODBC\170\Tools\Binn\;C:\Program Files\Microsoft SQL Server\160\DTS\Binn\;C:\Users\Movindu Lochana\AppData\Local\Programs\Python\Python313\Scripts\;C:\Users\Movindu Lochana\AppData\Local\Programs\Python\Python313\;C:\Users\Movindu Lochana\AppData\Local\Programs\Python\Launcher\;C:\Users\Movindu Lochana\AppData\Local\Microsoft\WindowsApps;C:\Flutter\flutter\bin;C:\Users\Movindu Lochana\AppData\Local\Programs\Antigravity\bin;C:\Users\Movindu Lochana\AppData\Local\Programs\Microsoft VS Code\bin;C:\Users\Movindu Lochana\.dotnet\tools;C:\Users\Movindu Lochana\AppData\Local\Programs\Antigravity IDE\bin
USERNAME=Dulen Hesara
LANG=en_US.UTF-8
OS=Windows_NT
PROCESSOR_IDENTIFIER=AMD64 Family 25 Model 68 Stepping 1, AuthenticAMD
TMP=C:\Users\MOVIND~1\AppData\Local\Temp
TEMP=C:\Users\MOVIND~1\AppData\Local\Temp




Periodic native trim disabled

---------------  S Y S T E M  ---------------

OS:
 Windows 11 , 64 bit Build 26100 (10.0.26100.8521)
OS uptime: 2 days 2:20 hours
Hyper-V role detected

CPU: total 16 (initial active 16) (16 cores per cpu, 2 threads per core) family 25 model 68 stepping 1 microcode 0xa40410a, cx8, cmov, fxsr, ht, mmx, 3dnowpref, sse, sse2, sse3, ssse3, sse4a, sse4.1, sse4.2, popcnt, lzcnt, tsc, tscinvbit, avx, avx2, aes, erms, clmul, bmi1, bmi2, adx, sha, fma, vzeroupper, clflush, clflushopt, hv, rdtscp, rdpid, fsrm, f16c, cet_ss
Processor Information for all 16 processors :
  Max Mhz: 3100, Current Mhz: 2523, Mhz Limit: 3100

Memory: 4k page, system-wide physical 16068M (2064M free)
TotalPageFile size 22976M (AvailPageFile size 5M)
current process WorkingSet (physical memory assigned to process): 137M, peak: 137M
current process commit charge ("private bytes"): 418M, peak: 419M

vm_info: Java HotSpot(TM) 64-Bit Server VM (21.0.7+8-LTS-245) for windows-amd64 JRE (21.0.7+8-LTS-245), built on 2025-02-21T05:11:27Z by "mach5one" with MS VC++ 17.6 (VS2022)

END.
