#
# There is insufficient memory for the Java Runtime Environment to continue.
# Native memory allocation (malloc) failed to allocate 1725616 bytes for Chunk::new
# Possible reasons:
#   The system is out of physical RAM or swap space
#   The process is running with CompressedOops enabled, and the Java Heap may be blocking the growth of the native heap
# Possible solutions:
#   Reduce memory load on the system
#   Increase physical memory or swap space
#   Check if swap backing store is full
#   Decrease Java heap size (-Xmx/-Xms)
#   Decrease number of Java threads
#   Decrease Java thread stack sizes (-Xss)
#   Set larger code cache with -XX:ReservedCodeCacheSize=
#   JVM is running with Zero Based Compressed Oops mode in which the Java heap is
#     placed in the first 32GB address space. The Java Heap base address is the
#     maximum limit for the native heap growth. Please use -XX:HeapBaseMinAddress
#     to set the Java Heap base and to place the Java Heap above 32GB virtual address.
# This output file may be truncated or incomplete.
#
#  Out of Memory Error (arena.cpp:168), pid=34208, tid=5724
#
# JRE version: Java(TM) SE Runtime Environment (21.0.7+8) (build 21.0.7+8-LTS-245)
# Java VM: Java HotSpot(TM) 64-Bit Server VM (21.0.7+8-LTS-245, mixed mode, sharing, tiered, compressed oops, compressed class ptrs, g1 gc, windows-amd64)
# No core dump will be written. Minidumps are not enabled by default on client versions of Windows
#

---------------  S U M M A R Y ------------

Command Line: --module-path=C:\Users\Movindu Lochana\.m2\repository\org\openjfx\javafx-base\21\javafx-base-21-win.jar;C:\Users\Movindu Lochana\.m2\repository\org\openjfx\javafx-base\21\javafx-base-21.jar;C:\Users\Movindu Lochana\.m2\repository\org\openjfx\javafx-controls\21\javafx-controls-21-win.jar;C:\Users\Movindu Lochana\.m2\repository\org\openjfx\javafx-controls\21\javafx-controls-21.jar;C:\Users\Movindu Lochana\.m2\repository\org\openjfx\javafx-fxml\21\javafx-fxml-21-win.jar;C:\Users\Movindu Lochana\.m2\repository\org\openjfx\javafx-fxml\21\javafx-fxml-21.jar;C:\Users\Movindu Lochana\.m2\repository\org\openjfx\javafx-graphics\21\javafx-graphics-21-win.jar;C:\Users\Movindu Lochana\.m2\repository\org\openjfx\javafx-graphics\21\javafx-graphics-21.jar;C:\Users\Movindu Lochana\.m2\repository\org\openjfx\javafx-swing\21\javafx-swing-21-win.jar;C:\Users\Movindu Lochana\.m2\repository\org\openjfx\javafx-swing\21\javafx-swing-21.jar --add-modules=javafx.base,javafx.controls,javafx.fxml,javafx.graphics,javafx.swing Starter

Host: AMD Ryzen 7 7435HS                             , 16 cores, 15G,  Windows 11 , 64 bit Build 26100 (10.0.26100.8521)
Time: Tue Jun  9 14:42:46 2026 Sri Lanka Standard Time elapsed time: 1.753192 seconds (0d 0h 0m 1s)

---------------  T H R E A D  ---------------

Current thread (0x000002857a083dc0):  JavaThread "C2 CompilerThread2" daemon [_thread_in_native, id=5724, stack(0x000000976f9b0000,0x000000976fab0000) (1024K)]


Current CompileTask:
C2:   1753 1501   !   4       com.sun.javafx.css.ParsedValueImpl::readBinary (691 bytes)

Stack: [0x000000976f9b0000,0x000000976fab0000]
Native frames: (J=compiled Java code, j=interpreted, Vv=VM code, C=native code)
V  [jvm.dll+0x6cae19]
V  [jvm.dll+0x855741]
V  [jvm.dll+0x857c6e]
V  [jvm.dll+0x858343]
V  [jvm.dll+0x27e0b6]
V  [jvm.dll+0xc4ecd]
V  [jvm.dll+0xc5403]
V  [jvm.dll+0x3b5752]
V  [jvm.dll+0x381e25]
V  [jvm.dll+0x38129a]
V  [jvm.dll+0x246b30]
V  [jvm.dll+0x24610f]
V  [jvm.dll+0x1c6efe]
V  [jvm.dll+0x255819]
V  [jvm.dll+0x253daa]
V  [jvm.dll+0x3eebb6]
V  [jvm.dll+0x7ffa1b]
V  [jvm.dll+0x6c94fd]
C  [ucrtbase.dll+0x2cd30]
C  [KERNEL32.DLL+0x2e957]
C  [ntdll.dll+0x87c1c]


---------------  P R O C E S S  ---------------

Threads class SMR info:
_java_thread_list=0x000002857967eaf0, length=21, elements={
0x00000285114c76b0, 0x000002853340a3b0, 0x000002853340ae00, 0x000002853340dcf0,
0x000002853340e870, 0x0000028533413730, 0x0000028533412770, 0x0000028533420b80,
0x0000028533421610, 0x00000285335e1e10, 0x00000285335e44c0, 0x000002853366e7a0,
0x00000285336e5e60, 0x000002853366cd60, 0x000002853366b9b0, 0x000002853366e110,
0x000002853366b320, 0x000002853366c040, 0x000002853366c6d0, 0x000002857a032aa0,
0x000002857a083dc0
}

Java Threads: ( => current thread )
  0x00000285114c76b0 JavaThread "main"                              [_thread_blocked, id=39200, stack(0x000000976d700000,0x000000976d800000) (1024K)]
  0x000002853340a3b0 JavaThread "Reference Handler"          daemon [_thread_blocked, id=29356, stack(0x000000976df00000,0x000000976e000000) (1024K)]
  0x000002853340ae00 JavaThread "Finalizer"                  daemon [_thread_blocked, id=32376, stack(0x000000976e000000,0x000000976e100000) (1024K)]
  0x000002853340dcf0 JavaThread "Signal Dispatcher"          daemon [_thread_blocked, id=26120, stack(0x000000976e100000,0x000000976e200000) (1024K)]
  0x000002853340e870 JavaThread "Attach Listener"            daemon [_thread_blocked, id=14264, stack(0x000000976e200000,0x000000976e300000) (1024K)]
  0x0000028533413730 JavaThread "Service Thread"             daemon [_thread_blocked, id=26976, stack(0x000000976e300000,0x000000976e400000) (1024K)]
  0x0000028533412770 JavaThread "Monitor Deflation Thread"   daemon [_thread_blocked, id=21888, stack(0x000000976e400000,0x000000976e500000) (1024K)]
  0x0000028533420b80 JavaThread "C2 CompilerThread0"         daemon [_thread_in_native, id=26092, stack(0x000000976e500000,0x000000976e600000) (1024K)]
  0x0000028533421610 JavaThread "C1 CompilerThread0"         daemon [_thread_blocked, id=11756, stack(0x000000976e600000,0x000000976e700000) (1024K)]
  0x00000285335e1e10 JavaThread "C1 CompilerThread1"         daemon [_thread_blocked, id=39040, stack(0x000000976e700000,0x000000976e800000) (1024K)]
  0x00000285335e44c0 JavaThread "C1 CompilerThread2"         daemon [_thread_blocked, id=30756, stack(0x000000976e800000,0x000000976e900000) (1024K)]
  0x000002853366e7a0 JavaThread "Common-Cleaner"             daemon [_thread_blocked, id=8792, stack(0x000000976e900000,0x000000976ea00000) (1024K)]
  0x00000285336e5e60 JavaThread "C1 CompilerThread3"         daemon [_thread_blocked, id=10308, stack(0x000000976ea00000,0x000000976eb00000) (1024K)]
  0x000002853366cd60 JavaThread "Notification Thread"        daemon [_thread_blocked, id=36900, stack(0x000000976ef00000,0x000000976f000000) (1024K)]
  0x000002853366b9b0 JavaThread "QuantumRenderer-0"          daemon [_thread_blocked, id=2236, stack(0x000000976ed00000,0x000000976ee00000) (1024K)]
  0x000002853366e110 JavaThread "InvokeLaterDispatcher"      daemon [_thread_blocked, id=39096, stack(0x000000976eb00000,0x000000976ec00000) (1024K)]
  0x000002853366b320 JavaThread "JavaFX Application Thread"         [_thread_in_Java, id=35244, stack(0x000000976ec00000,0x000000976ed00000) (1024K)]
  0x000002853366c040 JavaThread "Thread-1"                   daemon [_thread_in_native, id=32352, stack(0x000000976f1b0000,0x000000976f2b0000) (1024K)]
  0x000002853366c6d0 JavaThread "JavaFX-Launcher"                   [_thread_blocked, id=32336, stack(0x000000976f7b0000,0x000000976f8b0000) (1024K)]
  0x000002857a032aa0 JavaThread "C2 CompilerThread1"         daemon [_thread_in_native, id=29948, stack(0x000000976f8b0000,0x000000976f9b0000) (1024K)]
=>0x000002857a083dc0 JavaThread "C2 CompilerThread2"         daemon [_thread_in_native, id=5724, stack(0x000000976f9b0000,0x000000976fab0000) (1024K)]
Total: 21

Other Threads:
  0x00000285333e8410 VMThread "VM Thread"                           [id=9460, stack(0x000000976de00000,0x000000976df00000) (1024K)]
  0x00000285333d2780 WatcherThread "VM Periodic Task Thread"        [id=10272, stack(0x000000976dd00000,0x000000976de00000) (1024K)]
  0x0000028513903dd0 WorkerThread "GC Thread#0"                     [id=39232, stack(0x000000976d800000,0x000000976d900000) (1024K)]
  0x0000028579ece520 WorkerThread "GC Thread#1"                     [id=39552, stack(0x000000976f2b0000,0x000000976f3b0000) (1024K)]
  0x0000028579ececd0 WorkerThread "GC Thread#2"                     [id=11212, stack(0x000000976f3b0000,0x000000976f4b0000) (1024K)]
  0x0000028579ecf070 WorkerThread "GC Thread#3"                     [id=19296, stack(0x000000976f4b0000,0x000000976f5b0000) (1024K)]
  0x0000028579ec11d0 WorkerThread "GC Thread#4"                     [id=37024, stack(0x000000976f5b0000,0x000000976f6b0000) (1024K)]
  0x0000028579ec0350 WorkerThread "GC Thread#5"                     [id=25724, stack(0x000000976f6b0000,0x000000976f7b0000) (1024K)]
  0x0000028513915740 ConcurrentGCThread "G1 Main Marker"            [id=39612, stack(0x000000976d900000,0x000000976da00000) (1024K)]
  0x00000285139171f0 WorkerThread "G1 Conc#0"                       [id=35924, stack(0x000000976da00000,0x000000976db00000) (1024K)]
  0x000002853329c8c0 ConcurrentGCThread "G1 Refine#0"               [id=40412, stack(0x000000976db00000,0x000000976dc00000) (1024K)]
  0x000002853329e0f0 ConcurrentGCThread "G1 Service"                [id=36200, stack(0x000000976dc00000,0x000000976dd00000) (1024K)]
Total: 12

Threads with active compile tasks:
C2 CompilerThread0     1793 1591       4       com.sun.javafx.iio.png.PNGImageLoader2::doSubFilter (35 bytes)
C2 CompilerThread1     1793 1586       4       com.sun.javafx.iio.png.PNGImageLoader2::doUpFilter (33 bytes)
C2 CompilerThread2     1793 1501   !   4       com.sun.javafx.css.ParsedValueImpl::readBinary (691 bytes)
Total: 3

VM state: not at safepoint (normal execution)

VM Mutex/Monitor currently owned by a thread: None

Heap address: 0x0000000704e00000, size: 4018 MB, Compressed Oops mode: Zero based, Oop shift amount: 3

CDS archive(s) mapped at: [0x0000028534000000-0x0000028534c90000-0x0000028534c90000), size 13172736, SharedBaseAddress: 0x0000028534000000, ArchiveRelocationMode: 1.
Compressed class space mapped at: 0x0000028535000000-0x0000028575000000, reserved size: 1073741824
Narrow klass base: 0x0000028534000000, Narrow klass shift: 0, Narrow klass range: 0x100000000

GC Precious Log:
 CardTable entry size: 512
 Card Set container configuration: InlinePtr #cards 4 size 8 Array Of Cards #cards 16 size 48 Howl #buckets 8 coarsen threshold 3686 Howl Bitmap #cards 512 size 80 coarsen threshold 460 Card regions per heap region 1 cards per card region 4096
 CPUs: 16 total, 16 available
 Memory: 16068M
 Large Page Support: Disabled
 NUMA Support: Disabled
 Compressed Oops: Enabled (Zero based)
 Heap Region Size: 2M
 Heap Min Capacity: 8M
 Heap Initial Capacity: 252M
 Heap Max Capacity: 4018M
 Pre-touch: Disabled
 Parallel Workers: 13
 Concurrent Workers: 3
 Concurrent Refinement Workers: 13
 Periodic GC: Disabled

Heap:
 garbage-first heap   total 258048K, used 33253K [0x0000000704e00000, 0x0000000800000000)
  region size 2048K, 16 young (32768K), 2 survivors (4096K)
 Metaspace       used 9986K, committed 10240K, reserved 1114112K
  class space    used 1335K, committed 1472K, reserved 1048576K

Heap Regions: E=young(eden), S=young(survivor), O=old, HS=humongous(starts), HC=humongous(continues), CS=collection set, F=free, TAMS=top-at-mark-start, PB=parsable bottom
|   0|0x0000000704e00000, 0x0000000705000000, 0x0000000705000000|100%|HS|  |TAMS 0x0000000704e00000| PB 0x0000000704e00000| Complete 
|   1|0x0000000705000000, 0x0000000705200000, 0x0000000705200000|100%|HC|  |TAMS 0x0000000705000000| PB 0x0000000705000000| Complete 
|   2|0x0000000705200000, 0x0000000705400000, 0x0000000705400000|100%|HS|  |TAMS 0x0000000705200000| PB 0x0000000705200000| Complete 
|   3|0x0000000705400000, 0x0000000705400000, 0x0000000705600000|  0%| F|  |TAMS 0x0000000705400000| PB 0x0000000705400000| Untracked 
|   4|0x0000000705600000, 0x0000000705600000, 0x0000000705800000|  0%| F|  |TAMS 0x0000000705600000| PB 0x0000000705600000| Untracked 
|   5|0x0000000705800000, 0x0000000705800000, 0x0000000705a00000|  0%| F|  |TAMS 0x0000000705800000| PB 0x0000000705800000| Untracked 
|   6|0x0000000705a00000, 0x0000000705a00000, 0x0000000705c00000|  0%| F|  |TAMS 0x0000000705a00000| PB 0x0000000705a00000| Untracked 
|   7|0x0000000705c00000, 0x0000000705c00000, 0x0000000705e00000|  0%| F|  |TAMS 0x0000000705c00000| PB 0x0000000705c00000| Untracked 
|   8|0x0000000705e00000, 0x0000000705e00000, 0x0000000706000000|  0%| F|  |TAMS 0x0000000705e00000| PB 0x0000000705e00000| Untracked 
|   9|0x0000000706000000, 0x0000000706000000, 0x0000000706200000|  0%| F|  |TAMS 0x0000000706000000| PB 0x0000000706000000| Untracked 
|  10|0x0000000706200000, 0x0000000706200000, 0x0000000706400000|  0%| F|  |TAMS 0x0000000706200000| PB 0x0000000706200000| Untracked 
|  11|0x0000000706400000, 0x0000000706400000, 0x0000000706600000|  0%| F|  |TAMS 0x0000000706400000| PB 0x0000000706400000| Untracked 
|  12|0x0000000706600000, 0x0000000706600000, 0x0000000706800000|  0%| F|  |TAMS 0x0000000706600000| PB 0x0000000706600000| Untracked 
|  13|0x0000000706800000, 0x0000000706800000, 0x0000000706a00000|  0%| F|  |TAMS 0x0000000706800000| PB 0x0000000706800000| Untracked 
|  14|0x0000000706a00000, 0x0000000706a00000, 0x0000000706c00000|  0%| F|  |TAMS 0x0000000706a00000| PB 0x0000000706a00000| Untracked 
|  15|0x0000000706c00000, 0x0000000706c00000, 0x0000000706e00000|  0%| F|  |TAMS 0x0000000706c00000| PB 0x0000000706c00000| Untracked 
|  16|0x0000000706e00000, 0x0000000706e00000, 0x0000000707000000|  0%| F|  |TAMS 0x0000000706e00000| PB 0x0000000706e00000| Untracked 
|  17|0x0000000707000000, 0x0000000707000000, 0x0000000707200000|  0%| F|  |TAMS 0x0000000707000000| PB 0x0000000707000000| Untracked 
|  18|0x0000000707200000, 0x0000000707200000, 0x0000000707400000|  0%| F|  |TAMS 0x0000000707200000| PB 0x0000000707200000| Untracked 
|  19|0x0000000707400000, 0x0000000707400000, 0x0000000707600000|  0%| F|  |TAMS 0x0000000707400000| PB 0x0000000707400000| Untracked 
|  20|0x0000000707600000, 0x0000000707600000, 0x0000000707800000|  0%| F|  |TAMS 0x0000000707600000| PB 0x0000000707600000| Untracked 
|  21|0x0000000707800000, 0x0000000707800000, 0x0000000707a00000|  0%| F|  |TAMS 0x0000000707800000| PB 0x0000000707800000| Untracked 
|  22|0x0000000707a00000, 0x0000000707a00000, 0x0000000707c00000|  0%| F|  |TAMS 0x0000000707a00000| PB 0x0000000707a00000| Untracked 
|  23|0x0000000707c00000, 0x0000000707c00000, 0x0000000707e00000|  0%| F|  |TAMS 0x0000000707c00000| PB 0x0000000707c00000| Untracked 
|  24|0x0000000707e00000, 0x0000000707e00000, 0x0000000708000000|  0%| F|  |TAMS 0x0000000707e00000| PB 0x0000000707e00000| Untracked 
|  25|0x0000000708000000, 0x0000000708000000, 0x0000000708200000|  0%| F|  |TAMS 0x0000000708000000| PB 0x0000000708000000| Untracked 
|  26|0x0000000708200000, 0x0000000708200000, 0x0000000708400000|  0%| F|  |TAMS 0x0000000708200000| PB 0x0000000708200000| Untracked 
|  27|0x0000000708400000, 0x0000000708400000, 0x0000000708600000|  0%| F|  |TAMS 0x0000000708400000| PB 0x0000000708400000| Untracked 
|  28|0x0000000708600000, 0x0000000708600000, 0x0000000708800000|  0%| F|  |TAMS 0x0000000708600000| PB 0x0000000708600000| Untracked 
|  29|0x0000000708800000, 0x0000000708800000, 0x0000000708a00000|  0%| F|  |TAMS 0x0000000708800000| PB 0x0000000708800000| Untracked 
|  30|0x0000000708a00000, 0x0000000708a00000, 0x0000000708c00000|  0%| F|  |TAMS 0x0000000708a00000| PB 0x0000000708a00000| Untracked 
|  31|0x0000000708c00000, 0x0000000708c00000, 0x0000000708e00000|  0%| F|  |TAMS 0x0000000708c00000| PB 0x0000000708c00000| Untracked 
|  32|0x0000000708e00000, 0x0000000708e00000, 0x0000000709000000|  0%| F|  |TAMS 0x0000000708e00000| PB 0x0000000708e00000| Untracked 
|  33|0x0000000709000000, 0x0000000709000000, 0x0000000709200000|  0%| F|  |TAMS 0x0000000709000000| PB 0x0000000709000000| Untracked 
|  34|0x0000000709200000, 0x0000000709200000, 0x0000000709400000|  0%| F|  |TAMS 0x0000000709200000| PB 0x0000000709200000| Untracked 
|  35|0x0000000709400000, 0x0000000709400000, 0x0000000709600000|  0%| F|  |TAMS 0x0000000709400000| PB 0x0000000709400000| Untracked 
|  36|0x0000000709600000, 0x0000000709600000, 0x0000000709800000|  0%| F|  |TAMS 0x0000000709600000| PB 0x0000000709600000| Untracked 
|  37|0x0000000709800000, 0x0000000709800000, 0x0000000709a00000|  0%| F|  |TAMS 0x0000000709800000| PB 0x0000000709800000| Untracked 
|  38|0x0000000709a00000, 0x0000000709a00000, 0x0000000709c00000|  0%| F|  |TAMS 0x0000000709a00000| PB 0x0000000709a00000| Untracked 
|  39|0x0000000709c00000, 0x0000000709c00000, 0x0000000709e00000|  0%| F|  |TAMS 0x0000000709c00000| PB 0x0000000709c00000| Untracked 
|  40|0x0000000709e00000, 0x0000000709e00000, 0x000000070a000000|  0%| F|  |TAMS 0x0000000709e00000| PB 0x0000000709e00000| Untracked 
|  41|0x000000070a000000, 0x000000070a000000, 0x000000070a200000|  0%| F|  |TAMS 0x000000070a000000| PB 0x000000070a000000| Untracked 
|  42|0x000000070a200000, 0x000000070a200000, 0x000000070a400000|  0%| F|  |TAMS 0x000000070a200000| PB 0x000000070a200000| Untracked 
|  43|0x000000070a400000, 0x000000070a400000, 0x000000070a600000|  0%| F|  |TAMS 0x000000070a400000| PB 0x000000070a400000| Untracked 
|  44|0x000000070a600000, 0x000000070a600000, 0x000000070a800000|  0%| F|  |TAMS 0x000000070a600000| PB 0x000000070a600000| Untracked 
|  45|0x000000070a800000, 0x000000070a800000, 0x000000070aa00000|  0%| F|  |TAMS 0x000000070a800000| PB 0x000000070a800000| Untracked 
|  46|0x000000070aa00000, 0x000000070aa00000, 0x000000070ac00000|  0%| F|  |TAMS 0x000000070aa00000| PB 0x000000070aa00000| Untracked 
|  47|0x000000070ac00000, 0x000000070ac00000, 0x000000070ae00000|  0%| F|  |TAMS 0x000000070ac00000| PB 0x000000070ac00000| Untracked 
|  48|0x000000070ae00000, 0x000000070ae00000, 0x000000070b000000|  0%| F|  |TAMS 0x000000070ae00000| PB 0x000000070ae00000| Untracked 
|  49|0x000000070b000000, 0x000000070b000000, 0x000000070b200000|  0%| F|  |TAMS 0x000000070b000000| PB 0x000000070b000000| Untracked 
|  50|0x000000070b200000, 0x000000070b200000, 0x000000070b400000|  0%| F|  |TAMS 0x000000070b200000| PB 0x000000070b200000| Untracked 
|  51|0x000000070b400000, 0x000000070b400000, 0x000000070b600000|  0%| F|  |TAMS 0x000000070b400000| PB 0x000000070b400000| Untracked 
|  52|0x000000070b600000, 0x000000070b600000, 0x000000070b800000|  0%| F|  |TAMS 0x000000070b600000| PB 0x000000070b600000| Untracked 
|  53|0x000000070b800000, 0x000000070b800000, 0x000000070ba00000|  0%| F|  |TAMS 0x000000070b800000| PB 0x000000070b800000| Untracked 
|  54|0x000000070ba00000, 0x000000070ba00000, 0x000000070bc00000|  0%| F|  |TAMS 0x000000070ba00000| PB 0x000000070ba00000| Untracked 
|  55|0x000000070bc00000, 0x000000070bc00000, 0x000000070be00000|  0%| F|  |TAMS 0x000000070bc00000| PB 0x000000070bc00000| Untracked 
|  56|0x000000070be00000, 0x000000070be00000, 0x000000070c000000|  0%| F|  |TAMS 0x000000070be00000| PB 0x000000070be00000| Untracked 
|  57|0x000000070c000000, 0x000000070c000000, 0x000000070c200000|  0%| F|  |TAMS 0x000000070c000000| PB 0x000000070c000000| Untracked 
|  58|0x000000070c200000, 0x000000070c200000, 0x000000070c400000|  0%| F|  |TAMS 0x000000070c200000| PB 0x000000070c200000| Untracked 
|  59|0x000000070c400000, 0x000000070c400000, 0x000000070c600000|  0%| F|  |TAMS 0x000000070c400000| PB 0x000000070c400000| Untracked 
|  60|0x000000070c600000, 0x000000070c600000, 0x000000070c800000|  0%| F|  |TAMS 0x000000070c600000| PB 0x000000070c600000| Untracked 
|  61|0x000000070c800000, 0x000000070c800000, 0x000000070ca00000|  0%| F|  |TAMS 0x000000070c800000| PB 0x000000070c800000| Untracked 
|  62|0x000000070ca00000, 0x000000070ca00000, 0x000000070cc00000|  0%| F|  |TAMS 0x000000070ca00000| PB 0x000000070ca00000| Untracked 
|  63|0x000000070cc00000, 0x000000070cc00000, 0x000000070ce00000|  0%| F|  |TAMS 0x000000070cc00000| PB 0x000000070cc00000| Untracked 
|  64|0x000000070ce00000, 0x000000070ce00000, 0x000000070d000000|  0%| F|  |TAMS 0x000000070ce00000| PB 0x000000070ce00000| Untracked 
|  65|0x000000070d000000, 0x000000070d000000, 0x000000070d200000|  0%| F|  |TAMS 0x000000070d000000| PB 0x000000070d000000| Untracked 
|  66|0x000000070d200000, 0x000000070d200000, 0x000000070d400000|  0%| F|  |TAMS 0x000000070d200000| PB 0x000000070d200000| Untracked 
|  67|0x000000070d400000, 0x000000070d400000, 0x000000070d600000|  0%| F|  |TAMS 0x000000070d400000| PB 0x000000070d400000| Untracked 
|  68|0x000000070d600000, 0x000000070d600000, 0x000000070d800000|  0%| F|  |TAMS 0x000000070d600000| PB 0x000000070d600000| Untracked 
|  69|0x000000070d800000, 0x000000070d800000, 0x000000070da00000|  0%| F|  |TAMS 0x000000070d800000| PB 0x000000070d800000| Untracked 
|  70|0x000000070da00000, 0x000000070da00000, 0x000000070dc00000|  0%| F|  |TAMS 0x000000070da00000| PB 0x000000070da00000| Untracked 
|  71|0x000000070dc00000, 0x000000070dc00000, 0x000000070de00000|  0%| F|  |TAMS 0x000000070dc00000| PB 0x000000070dc00000| Untracked 
|  72|0x000000070de00000, 0x000000070de00000, 0x000000070e000000|  0%| F|  |TAMS 0x000000070de00000| PB 0x000000070de00000| Untracked 
|  73|0x000000070e000000, 0x000000070e000000, 0x000000070e200000|  0%| F|  |TAMS 0x000000070e000000| PB 0x000000070e000000| Untracked 
|  74|0x000000070e200000, 0x000000070e200000, 0x000000070e400000|  0%| F|  |TAMS 0x000000070e200000| PB 0x000000070e200000| Untracked 
|  75|0x000000070e400000, 0x000000070e400000, 0x000000070e600000|  0%| F|  |TAMS 0x000000070e400000| PB 0x000000070e400000| Untracked 
|  76|0x000000070e600000, 0x000000070e600000, 0x000000070e800000|  0%| F|  |TAMS 0x000000070e600000| PB 0x000000070e600000| Untracked 
|  77|0x000000070e800000, 0x000000070e800000, 0x000000070ea00000|  0%| F|  |TAMS 0x000000070e800000| PB 0x000000070e800000| Untracked 
|  78|0x000000070ea00000, 0x000000070ea00000, 0x000000070ec00000|  0%| F|  |TAMS 0x000000070ea00000| PB 0x000000070ea00000| Untracked 
|  79|0x000000070ec00000, 0x000000070ec00000, 0x000000070ee00000|  0%| F|  |TAMS 0x000000070ec00000| PB 0x000000070ec00000| Untracked 
|  80|0x000000070ee00000, 0x000000070ee00000, 0x000000070f000000|  0%| F|  |TAMS 0x000000070ee00000| PB 0x000000070ee00000| Untracked 
|  81|0x000000070f000000, 0x000000070f000000, 0x000000070f200000|  0%| F|  |TAMS 0x000000070f000000| PB 0x000000070f000000| Untracked 
|  82|0x000000070f200000, 0x000000070f200000, 0x000000070f400000|  0%| F|  |TAMS 0x000000070f200000| PB 0x000000070f200000| Untracked 
|  83|0x000000070f400000, 0x000000070f400000, 0x000000070f600000|  0%| F|  |TAMS 0x000000070f400000| PB 0x000000070f400000| Untracked 
|  84|0x000000070f600000, 0x000000070f600000, 0x000000070f800000|  0%| F|  |TAMS 0x000000070f600000| PB 0x000000070f600000| Untracked 
|  85|0x000000070f800000, 0x000000070f800000, 0x000000070fa00000|  0%| F|  |TAMS 0x000000070f800000| PB 0x000000070f800000| Untracked 
|  86|0x000000070fa00000, 0x000000070fa00000, 0x000000070fc00000|  0%| F|  |TAMS 0x000000070fa00000| PB 0x000000070fa00000| Untracked 
|  87|0x000000070fc00000, 0x000000070fc00000, 0x000000070fe00000|  0%| F|  |TAMS 0x000000070fc00000| PB 0x000000070fc00000| Untracked 
|  88|0x000000070fe00000, 0x000000070fe00000, 0x0000000710000000|  0%| F|  |TAMS 0x000000070fe00000| PB 0x000000070fe00000| Untracked 
|  89|0x0000000710000000, 0x0000000710000000, 0x0000000710200000|  0%| F|  |TAMS 0x0000000710000000| PB 0x0000000710000000| Untracked 
|  90|0x0000000710200000, 0x0000000710200000, 0x0000000710400000|  0%| F|  |TAMS 0x0000000710200000| PB 0x0000000710200000| Untracked 
|  91|0x0000000710400000, 0x0000000710400000, 0x0000000710600000|  0%| F|  |TAMS 0x0000000710400000| PB 0x0000000710400000| Untracked 
|  92|0x0000000710600000, 0x0000000710600000, 0x0000000710800000|  0%| F|  |TAMS 0x0000000710600000| PB 0x0000000710600000| Untracked 
|  93|0x0000000710800000, 0x0000000710800000, 0x0000000710a00000|  0%| F|  |TAMS 0x0000000710800000| PB 0x0000000710800000| Untracked 
|  94|0x0000000710a00000, 0x0000000710a00000, 0x0000000710c00000|  0%| F|  |TAMS 0x0000000710a00000| PB 0x0000000710a00000| Untracked 
|  95|0x0000000710c00000, 0x0000000710c00000, 0x0000000710e00000|  0%| F|  |TAMS 0x0000000710c00000| PB 0x0000000710c00000| Untracked 
|  96|0x0000000710e00000, 0x0000000710e00000, 0x0000000711000000|  0%| F|  |TAMS 0x0000000710e00000| PB 0x0000000710e00000| Untracked 
|  97|0x0000000711000000, 0x0000000711000000, 0x0000000711200000|  0%| F|  |TAMS 0x0000000711000000| PB 0x0000000711000000| Untracked 
|  98|0x0000000711200000, 0x0000000711200000, 0x0000000711400000|  0%| F|  |TAMS 0x0000000711200000| PB 0x0000000711200000| Untracked 
|  99|0x0000000711400000, 0x0000000711400000, 0x0000000711600000|  0%| F|  |TAMS 0x0000000711400000| PB 0x0000000711400000| Untracked 
| 100|0x0000000711600000, 0x0000000711600000, 0x0000000711800000|  0%| F|  |TAMS 0x0000000711600000| PB 0x0000000711600000| Untracked 
| 101|0x0000000711800000, 0x0000000711800000, 0x0000000711a00000|  0%| F|  |TAMS 0x0000000711800000| PB 0x0000000711800000| Untracked 
| 102|0x0000000711a00000, 0x0000000711a00000, 0x0000000711c00000|  0%| F|  |TAMS 0x0000000711a00000| PB 0x0000000711a00000| Untracked 
| 103|0x0000000711c00000, 0x0000000711c00000, 0x0000000711e00000|  0%| F|  |TAMS 0x0000000711c00000| PB 0x0000000711c00000| Untracked 
| 104|0x0000000711e00000, 0x0000000711e00000, 0x0000000712000000|  0%| F|  |TAMS 0x0000000711e00000| PB 0x0000000711e00000| Untracked 
| 105|0x0000000712000000, 0x0000000712000000, 0x0000000712200000|  0%| F|  |TAMS 0x0000000712000000| PB 0x0000000712000000| Untracked 
| 106|0x0000000712200000, 0x0000000712200000, 0x0000000712400000|  0%| F|  |TAMS 0x0000000712200000| PB 0x0000000712200000| Untracked 
| 107|0x0000000712400000, 0x0000000712400000, 0x0000000712600000|  0%| F|  |TAMS 0x0000000712400000| PB 0x0000000712400000| Untracked 
| 108|0x0000000712600000, 0x0000000712600000, 0x0000000712800000|  0%| F|  |TAMS 0x0000000712600000| PB 0x0000000712600000| Untracked 
| 109|0x0000000712800000, 0x0000000712800000, 0x0000000712a00000|  0%| F|  |TAMS 0x0000000712800000| PB 0x0000000712800000| Untracked 
| 110|0x0000000712a00000, 0x0000000712bc3808, 0x0000000712c00000| 88%| E|  |TAMS 0x0000000712a00000| PB 0x0000000712a00000| Complete 
| 111|0x0000000712c00000, 0x0000000712e00000, 0x0000000712e00000|100%| E|CS|TAMS 0x0000000712c00000| PB 0x0000000712c00000| Complete 
| 112|0x0000000712e00000, 0x0000000713000000, 0x0000000713000000|100%| E|CS|TAMS 0x0000000712e00000| PB 0x0000000712e00000| Complete 
| 113|0x0000000713000000, 0x0000000713079530, 0x0000000713200000| 23%| S|CS|TAMS 0x0000000713000000| PB 0x0000000713000000| Complete 
| 114|0x0000000713200000, 0x0000000713400000, 0x0000000713400000|100%| S|CS|TAMS 0x0000000713200000| PB 0x0000000713200000| Complete 
| 115|0x0000000713400000, 0x0000000713600000, 0x0000000713600000|100%| E|CS|TAMS 0x0000000713400000| PB 0x0000000713400000| Complete 
| 116|0x0000000713600000, 0x0000000713800000, 0x0000000713800000|100%| E|CS|TAMS 0x0000000713600000| PB 0x0000000713600000| Complete 
| 117|0x0000000713800000, 0x0000000713a00000, 0x0000000713a00000|100%| E|CS|TAMS 0x0000000713800000| PB 0x0000000713800000| Complete 
| 118|0x0000000713a00000, 0x0000000713c00000, 0x0000000713c00000|100%| E|CS|TAMS 0x0000000713a00000| PB 0x0000000713a00000| Complete 
| 119|0x0000000713c00000, 0x0000000713e00000, 0x0000000713e00000|100%| E|CS|TAMS 0x0000000713c00000| PB 0x0000000713c00000| Complete 
| 120|0x0000000713e00000, 0x0000000714000000, 0x0000000714000000|100%| E|CS|TAMS 0x0000000713e00000| PB 0x0000000713e00000| Complete 
| 121|0x0000000714000000, 0x0000000714200000, 0x0000000714200000|100%| E|  |TAMS 0x0000000714000000| PB 0x0000000714000000| Complete 
| 122|0x0000000714200000, 0x0000000714400000, 0x0000000714400000|100%| E|CS|TAMS 0x0000000714200000| PB 0x0000000714200000| Complete 
| 123|0x0000000714400000, 0x0000000714600000, 0x0000000714600000|100%| E|CS|TAMS 0x0000000714400000| PB 0x0000000714400000| Complete 
| 124|0x0000000714600000, 0x0000000714800000, 0x0000000714800000|100%| E|CS|TAMS 0x0000000714600000| PB 0x0000000714600000| Complete 
| 125|0x0000000714800000, 0x0000000714a00000, 0x0000000714a00000|100%| E|CS|TAMS 0x0000000714800000| PB 0x0000000714800000| Complete 

Card table byte_map: [0x000002852bda0000,0x000002852c580000] _byte_map_base: 0x0000028528579000

Marking Bits: (CMBitMap*) 0x00000285139044d0
 Bits: [0x000002852c580000, 0x0000028530448000)

Polling page: 0x00000285117e0000

Metaspace:

Usage:
  Non-class:      8.46 MB used.
      Class:      1.31 MB used.
       Both:      9.76 MB used.

Virtual space:
  Non-class space:       64.00 MB reserved,       8.62 MB ( 13%) committed,  1 nodes.
      Class space:        1.00 GB reserved,       1.44 MB ( <1%) committed,  1 nodes.
             Both:        1.06 GB reserved,      10.06 MB ( <1%) committed. 

Chunk freelists:
   Non-Class:  6.73 MB
       Class:  14.52 MB
        Both:  21.25 MB

MaxMetaspaceSize: unlimited
CompressedClassSpaceSize: 1.00 GB
Initial GC threshold: 21.00 MB
Current GC threshold: 21.00 MB
CDS: on
 - commit_granule_bytes: 65536.
 - commit_granule_words: 8192.
 - virtual_space_node_default_size: 8388608.
 - enlarge_chunks_in_place: 1.
 - use_allocation_guard: 0.


Internal statistics:

num_allocs_failed_limit: 0.
num_arena_births: 254.
num_arena_deaths: 0.
num_vsnodes_births: 2.
num_vsnodes_deaths: 0.
num_space_committed: 161.
num_space_uncommitted: 0.
num_chunks_returned_to_freelist: 0.
num_chunks_taken_from_freelist: 544.
num_chunk_merges: 0.
num_chunk_splits: 373.
num_chunks_enlarged: 267.
num_inconsistent_stats: 0.

CodeHeap 'non-profiled nmethods': size=119168Kb used=591Kb max_used=591Kb free=118576Kb
 bounds [0x00000285238d0000, 0x0000028523b40000, 0x000002852ad30000]
CodeHeap 'profiled nmethods': size=119104Kb used=2753Kb max_used=2753Kb free=116350Kb
 bounds [0x000002851bd30000, 0x000002851bff0000, 0x0000028523180000]
CodeHeap 'non-nmethods': size=7488Kb used=3266Kb max_used=3281Kb free=4221Kb
 bounds [0x0000028523180000, 0x00000285234c0000, 0x00000285238d0000]
 total_blobs=2232 nmethods=1590 adapters=544
 compilation: enabled
              stopped_count=0, restarted_count=0
 full_count=0

Compilation events (20 events):
Event: 1.707 Thread 0x00000285336e5e60 nmethod 1556 0x000002851bfd2e10 code [0x000002851bfd2fe0, 0x000002851bfd3358]
Event: 1.707 Thread 0x00000285335e1e10 nmethod 1557 0x000002851bfd3490 code [0x000002851bfd3740, 0x000002851bfd4a20]
Event: 1.707 Thread 0x0000028533420b80 nmethod 1554 0x0000028523960790 code [0x0000028523960960, 0x0000028523961120]
Event: 1.708 Thread 0x00000285336e5e60 1559       3       java.lang.invoke.InvokerBytecodeGenerator::refKindOpcode (112 bytes)
Event: 1.708 Thread 0x00000285336e5e60 nmethod 1559 0x000002851bfd4e90 code [0x000002851bfd5100, 0x000002851bfd5938]
Event: 1.711 Thread 0x00000285335e44c0 1564       3       java.lang.invoke.DirectMethodHandle$Holder::newInvokeSpecial (21 bytes)
Event: 1.712 Thread 0x00000285335e44c0 nmethod 1564 0x000002851bfd5b90 code [0x000002851bfd5d80, 0x000002851bfd6330]
Event: 1.713 Thread 0x0000028533421610 1565       3       java.nio.Buffer::hasRemaining (17 bytes)
Event: 1.713 Thread 0x00000285335e44c0 1566       3       com.sun.javafx.font.FontFileReader$Buffer::getShort (52 bytes)
Event: 1.713 Thread 0x0000028533421610 nmethod 1565 0x000002851bfd6510 code [0x000002851bfd66a0, 0x000002851bfd6808]
Event: 1.713 Thread 0x00000285335e44c0 nmethod 1566 0x000002851bfd6890 code [0x000002851bfd6a40, 0x000002851bfd6bd0]
Event: 1.749 Thread 0x00000285335e1e10 1567       3       java.nio.HeapByteBuffer::ix (7 bytes)
Event: 1.749 Thread 0x00000285336e5e60 1568       3       java.nio.HeapByteBuffer::get (14 bytes)
Event: 1.749 Thread 0x0000028533421610 1569       3       java.nio.Buffer::nextGetIndex (30 bytes)
Event: 1.749 Thread 0x00000285335e1e10 nmethod 1567 0x000002851bfd6d10 code [0x000002851bfd6ea0, 0x000002851bfd6fb0]
Event: 1.749 Thread 0x00000285335e44c0 1570   !   3       java.lang.invoke.MethodHandleNatives::linkMethodHandleConstant (50 bytes)
Event: 1.749 Thread 0x00000285335e1e10 1571       3       java.lang.invoke.MethodHandles$Lookup::linkMethodHandleConstant (223 bytes)
Event: 1.749 Thread 0x0000028533421610 nmethod 1569 0x000002851bfd7010 code [0x000002851bfd71c0, 0x000002851bfd7390]
Event: 1.749 Thread 0x00000285336e5e60 nmethod 1568 0x000002851bfd7490 code [0x000002851bfd7660, 0x000002851bfd7940]
Event: 1.749 Thread 0x00000285335e44c0 nmethod 1570 0x000002851bfd7b10 code [0x000002851bfd7ce0, 0x000002851bfd7ee8]

GC Heap History (2 events):
Event: 1.049 GC heap before
{Heap before GC invocations=0 (full 0):
 garbage-first heap   total 258048K, used 22528K [0x0000000704e00000, 0x0000000800000000)
  region size 2048K, 11 young (22528K), 0 survivors (0K)
 Metaspace       used 3730K, committed 3904K, reserved 1114112K
  class space    used 369K, committed 448K, reserved 1048576K
}
Event: 1.053 GC heap after
{Heap after GC invocations=1 (full 0):
 garbage-first heap   total 258048K, used 2533K [0x0000000704e00000, 0x0000000800000000)
  region size 2048K, 2 young (4096K), 2 survivors (4096K)
 Metaspace       used 3730K, committed 3904K, reserved 1114112K
  class space    used 369K, committed 448K, reserved 1048576K
}

Dll operation events (20 events):
Event: 0.454 Loaded shared library C:\Users\Movindu Lochana\.openjfx\cache\21+31\amd64\api-ms-win-crt-math-l1-1-0.dll
Event: 0.458 Loaded shared library C:\Users\Movindu Lochana\.openjfx\cache\21+31\amd64\api-ms-win-crt-multibyte-l1-1-0.dll
Event: 0.462 Loaded shared library C:\Users\Movindu Lochana\.openjfx\cache\21+31\amd64\api-ms-win-crt-private-l1-1-0.dll
Event: 0.466 Loaded shared library C:\Users\Movindu Lochana\.openjfx\cache\21+31\amd64\api-ms-win-crt-process-l1-1-0.dll
Event: 0.469 Loaded shared library C:\Users\Movindu Lochana\.openjfx\cache\21+31\amd64\api-ms-win-crt-runtime-l1-1-0.dll
Event: 0.473 Loaded shared library C:\Users\Movindu Lochana\.openjfx\cache\21+31\amd64\api-ms-win-crt-stdio-l1-1-0.dll
Event: 0.476 Loaded shared library C:\Users\Movindu Lochana\.openjfx\cache\21+31\amd64\api-ms-win-crt-string-l1-1-0.dll
Event: 0.480 Loaded shared library C:\Users\Movindu Lochana\.openjfx\cache\21+31\amd64\api-ms-win-crt-time-l1-1-0.dll
Event: 0.483 Loaded shared library C:\Users\Movindu Lochana\.openjfx\cache\21+31\amd64\api-ms-win-crt-utility-l1-1-0.dll
Event: 0.499 Loaded shared library C:\Users\Movindu Lochana\.openjfx\cache\21+31\amd64\ucrtbase.dll
Event: 0.504 Loaded shared library C:\Users\Movindu Lochana\.openjfx\cache\21+31\amd64\vcruntime140.dll
Event: 0.508 Loaded shared library C:\Users\Movindu Lochana\.openjfx\cache\21+31\amd64\vcruntime140_1.dll
Event: 0.518 Loaded shared library C:\Users\Movindu Lochana\.openjfx\cache\21+31\amd64\msvcp140.dll
Event: 0.521 Loaded shared library C:\Users\Movindu Lochana\.openjfx\cache\21+31\amd64\msvcp140_1.dll
Event: 0.527 Loaded shared library C:\Users\Movindu Lochana\.openjfx\cache\21+31\amd64\msvcp140_2.dll
Event: 0.573 Loaded shared library C:\Users\Movindu Lochana\.openjfx\cache\21+31\amd64\prism_d3d.dll
Event: 0.754 Loaded shared library C:\Users\Movindu Lochana\.openjfx\cache\21+31\amd64\glass.dll
Event: 1.060 Loaded shared library C:\Program Files\Java\jdk-21\bin\jimage.dll
Event: 1.450 Loaded shared library C:\Users\Movindu Lochana\.openjfx\cache\21+31\amd64\javafx_iio.dll
Event: 1.544 Loaded shared library C:\Users\Movindu Lochana\.openjfx\cache\21+31\amd64\javafx_font.dll

Deoptimization events (20 events):
Event: 1.604 Thread 0x000002853366b320 Uncommon trap: trap_request=0xffffffde fr.pc=0x000002852394d1c4 relative=0x00000000000002e4
Event: 1.604 Thread 0x000002853366b320 Uncommon trap: reason=class_check action=maybe_recompile pc=0x000002852394d1c4 method=java.util.HashMap.getNode(Ljava/lang/Object;)Ljava/util/HashMap$Node; @ 128 c2
Event: 1.604 Thread 0x000002853366b320 DEOPT PACKING pc=0x000002852394d1c4 sp=0x000000976ecfc7a0
Event: 1.604 Thread 0x000002853366b320 DEOPT UNPACKING pc=0x00000285231d46a2 sp=0x000000976ecfc708 mode 2
Event: 1.688 Thread 0x000002853366b320 Uncommon trap: trap_request=0xffffffc6 fr.pc=0x00000285239321ec relative=0x000000000000030c
Event: 1.688 Thread 0x000002853366b320 Uncommon trap: reason=bimorphic_or_optimized_type_check action=maybe_recompile pc=0x00000285239321ec method=java.util.concurrent.ConcurrentHashMap.get(Ljava/lang/Object;)Ljava/lang/Object; @ 149 c2
Event: 1.689 Thread 0x000002853366b320 DEOPT PACKING pc=0x00000285239321ec sp=0x000000976ecfd500
Event: 1.689 Thread 0x000002853366b320 DEOPT UNPACKING pc=0x00000285231d46a2 sp=0x000000976ecfd480 mode 2
Event: 1.689 Thread 0x000002853366b320 Uncommon trap: trap_request=0xffffffc6 fr.pc=0x00000285239321ec relative=0x000000000000030c
Event: 1.689 Thread 0x000002853366b320 Uncommon trap: reason=bimorphic_or_optimized_type_check action=maybe_recompile pc=0x00000285239321ec method=java.util.concurrent.ConcurrentHashMap.get(Ljava/lang/Object;)Ljava/lang/Object; @ 149 c2
Event: 1.689 Thread 0x000002853366b320 DEOPT PACKING pc=0x00000285239321ec sp=0x000000976ecfd500
Event: 1.689 Thread 0x000002853366b320 DEOPT UNPACKING pc=0x00000285231d46a2 sp=0x000000976ecfd480 mode 2
Event: 1.689 Thread 0x000002853366b320 Uncommon trap: trap_request=0xffffffc6 fr.pc=0x00000285239321ec relative=0x000000000000030c
Event: 1.689 Thread 0x000002853366b320 Uncommon trap: reason=bimorphic_or_optimized_type_check action=maybe_recompile pc=0x00000285239321ec method=java.util.concurrent.ConcurrentHashMap.get(Ljava/lang/Object;)Ljava/lang/Object; @ 149 c2
Event: 1.689 Thread 0x000002853366b320 DEOPT PACKING pc=0x00000285239321ec sp=0x000000976ecfd500
Event: 1.689 Thread 0x000002853366b320 DEOPT UNPACKING pc=0x00000285231d46a2 sp=0x000000976ecfd480 mode 2
Event: 1.689 Thread 0x000002853366b320 Uncommon trap: trap_request=0xffffffc6 fr.pc=0x00000285239321ec relative=0x000000000000030c
Event: 1.689 Thread 0x000002853366b320 Uncommon trap: reason=bimorphic_or_optimized_type_check action=maybe_recompile pc=0x00000285239321ec method=java.util.concurrent.ConcurrentHashMap.get(Ljava/lang/Object;)Ljava/lang/Object; @ 149 c2
Event: 1.689 Thread 0x000002853366b320 DEOPT PACKING pc=0x00000285239321ec sp=0x000000976ecfd500
Event: 1.689 Thread 0x000002853366b320 DEOPT UNPACKING pc=0x00000285231d46a2 sp=0x000000976ecfd480 mode 2

Classes loaded (20 events):
Event: 1.677 Loading class jdk/internal/org/objectweb/asm/Edge
Event: 1.677 Loading class jdk/internal/org/objectweb/asm/Edge done
Event: 1.678 Loading class java/lang/reflect/Proxy$ProxyBuilder$1
Event: 1.678 Loading class java/lang/reflect/Proxy$ProxyBuilder$1 done
Event: 1.679 Loading class java/lang/annotation/Documented
Event: 1.679 Loading class java/lang/annotation/Documented done
Event: 1.679 Loading class sun/reflect/annotation/AnnotationTypeMismatchExceptionProxy
Event: 1.679 Loading class sun/reflect/annotation/ExceptionProxy
Event: 1.679 Loading class sun/reflect/annotation/ExceptionProxy done
Event: 1.679 Loading class sun/reflect/annotation/AnnotationTypeMismatchExceptionProxy done
Event: 1.681 Loading class java/lang/annotation/Target
Event: 1.681 Loading class java/lang/annotation/Target done
Event: 1.682 Loading class java/lang/reflect/UndeclaredThrowableException
Event: 1.682 Loading class java/lang/reflect/UndeclaredThrowableException done
Event: 1.684 Loading class java/lang/Class$AnnotationData
Event: 1.684 Loading class java/lang/Class$AnnotationData done
Event: 1.712 Loading class sun/nio/cs/UTF_16BE$Decoder
Event: 1.712 Loading class sun/nio/cs/UnicodeDecoder
Event: 1.712 Loading class sun/nio/cs/UnicodeDecoder done
Event: 1.712 Loading class sun/nio/cs/UTF_16BE$Decoder done

Classes unloaded (0 events):
No events

Classes redefined (0 events):
No events

Internal exceptions (20 events):
Event: 1.054 Thread 0x00000285114c76b0 Exception <a 'java/lang/NoSuchMethodError'{0x0000000714871550}: 'java.lang.Object java.lang.invoke.DirectMethodHandle$Holder.invokeStatic(java.lang.Object, long, java.lang.Object)'> (0x0000000714871550) 
thrown [s\open\src\hotspot\share\interpreter\linkResolver.cpp, line 773]
Event: 1.055 Thread 0x00000285114c76b0 Exception <a 'java/lang/NoSuchMethodError'{0x0000000714874ce8}: 'java.lang.Object java.lang.invoke.DirectMethodHandle$Holder.invokeStaticInit(java.lang.Object, long, java.lang.Object)'> (0x0000000714874ce8) 
thrown [s\open\src\hotspot\share\interpreter\linkResolver.cpp, line 773]
Event: 1.106 Thread 0x00000285114c76b0 Exception <a 'java/lang/NoSuchMethodError'{0x0000000714629a18}: 'java.lang.Object java.lang.invoke.DirectMethodHandle$Holder.newInvokeSpecial(java.lang.Object, java.lang.Object, java.lang.Object, java.lang.Object, java.lang.Object)'> (0x0000000714629a18) 
thrown [s\open\src\hotspot\share\interpreter\linkResolver.cpp, line 773]
Event: 1.294 Thread 0x000002853366b320 Exception <a 'java/lang/NoSuchMethodError'{0x0000000713f1c2c0}: 'java.lang.Object java.lang.invoke.DirectMethodHandle$Holder.invokeStaticInit(java.lang.Object, java.lang.Object, java.lang.Object, java.lang.Object)'> (0x0000000713f1c2c0) 
thrown [s\open\src\hotspot\share\interpreter\linkResolver.cpp, line 773]
Event: 1.296 Thread 0x000002853366b320 Exception <a 'java/lang/NullPointerException'{0x0000000713f291d0}> (0x0000000713f291d0) 
thrown [s\open\src\hotspot\share\interpreter\linkResolver.cpp, line 1372]
Event: 1.340 Thread 0x000002853366b320 Exception <a 'java/lang/ClassNotFoundException'{0x0000000713c48ee8}: sun/util/logging/resources/spi/loggingProvider> (0x0000000713c48ee8) 
thrown [s\open\src\hotspot\share\classfile\systemDictionary.cpp, line 312]
Event: 1.487 Thread 0x000002853366b320 Exception <a 'java/lang/NoSuchMethodError'{0x0000000713801cb0}: 'void java.lang.invoke.DirectMethodHandle$Holder.invokeSpecial(java.lang.Object, java.lang.Object, double)'> (0x0000000713801cb0) 
thrown [s\open\src\hotspot\share\interpreter\linkResolver.cpp, line 773]
Event: 1.488 Thread 0x000002853366b320 Exception <a 'java/lang/NoSuchMethodError'{0x000000071380c8e8}: 'double java.lang.invoke.DelegatingMethodHandle$Holder.reinvoke_L(java.lang.Object, java.lang.Object, int)'> (0x000000071380c8e8) 
thrown [s\open\src\hotspot\share\interpreter\linkResolver.cpp, line 773]
Event: 1.489 Thread 0x000002853366b320 Exception <a 'java/lang/NoSuchMethodError'{0x000000071381e3c0}: 'java.lang.Object java.lang.invoke.DirectMethodHandle$Holder.invokeStatic(java.lang.Object, java.lang.Object, java.lang.Object, java.lang.Object, int)'> (0x000000071381e3c0) 
thrown [s\open\src\hotspot\share\interpreter\linkResolver.cpp, line 773]
Event: 1.491 Thread 0x000002853366b320 Exception <a 'java/lang/NoSuchMethodError'{0x0000000713829520}: 'void java.lang.invoke.DelegatingMethodHandle$Holder.reinvoke_L(java.lang.Object, java.lang.Object, double)'> (0x0000000713829520) 
thrown [s\open\src\hotspot\share\interpreter\linkResolver.cpp, line 773]
Event: 1.494 Thread 0x000002853366b320 Exception <a 'java/lang/NoSuchMethodError'{0x000000071383b218}: 'void java.lang.invoke.DirectMethodHandle$Holder.invokeSpecial(java.lang.Object, java.lang.Object, int)'> (0x000000071383b218) 
thrown [s\open\src\hotspot\share\interpreter\linkResolver.cpp, line 773]
Event: 1.494 Thread 0x000002853366b320 Exception <a 'java/lang/NoSuchMethodError'{0x000000071383efa8}: 'int java.lang.invoke.DirectMethodHandle$Holder.invokeSpecial(java.lang.Object, java.lang.Object, java.lang.Object, int)'> (0x000000071383efa8) 
thrown [s\open\src\hotspot\share\interpreter\linkResolver.cpp, line 773]
Event: 1.495 Thread 0x000002853366b320 Exception <a 'java/lang/NoSuchMethodError'{0x0000000713849160}: 'void java.lang.invoke.DelegatingMethodHandle$Holder.reinvoke_L(java.lang.Object, java.lang.Object, int)'> (0x0000000713849160) 
thrown [s\open\src\hotspot\share\interpreter\linkResolver.cpp, line 773]
Event: 1.497 Thread 0x000002853366b320 Exception <a 'java/lang/NoSuchMethodError'{0x000000071384fe60}: 'int java.lang.invoke.DirectMethodHandle$Holder.invokeSpecial(java.lang.Object, java.lang.Object, java.lang.Object)'> (0x000000071384fe60) 
thrown [s\open\src\hotspot\share\interpreter\linkResolver.cpp, line 773]
Event: 1.520 Thread 0x000002853366b320 Exception <a 'java/lang/ClassNotFoundException'{0x0000000713929008}: com/sun/glass/ui/win/themes> (0x0000000713929008) 
thrown [s\open\src\hotspot\share\prims\jni.cpp, line 539]
Event: 1.521 Thread 0x000002853366b320 Exception <a 'java/lang/ClassNotFoundException'{0x000000071392d078}: com/sun/glass/ui/win/themes_en> (0x000000071392d078) 
thrown [s\open\src\hotspot\share\prims\jni.cpp, line 539]
Event: 1.521 Thread 0x000002853366b320 Exception <a 'java/lang/ClassNotFoundException'{0x000000071392ee80}: com/sun/glass/ui/win/themes_en_US> (0x000000071392ee80) 
thrown [s\open\src\hotspot\share\prims\jni.cpp, line 539]
Event: 1.632 Thread 0x000002853366b320 Exception <a 'java/lang/NoSuchMethodError'{0x0000000712f54270}: 'void java.lang.invoke.DirectMethodHandle$Holder.invokeStaticInit(java.lang.Object, java.lang.Object)'> (0x0000000712f54270) 
thrown [s\open\src\hotspot\share\interpreter\linkResolver.cpp, line 773]
Event: 1.690 Thread 0x000002853366b320 Exception <a 'java/lang/NoSuchMethodError'{0x0000000712a47f30}: 'void java.lang.invoke.Invokers$Holder.invokeExact_MT(java.lang.Object, java.lang.Object, java.lang.Object, java.lang.Object)'> (0x0000000712a47f30) 
thrown [s\open\src\hotspot\share\interpreter\linkResolver.cpp, line 773]
Event: 1.711 Thread 0x000002853366b320 Exception <a 'java/io/FileNotFoundException'{0x0000000712af5320}> (0x0000000712af5320) 
thrown [s\open\src\hotspot\share\prims\jni.cpp, line 520]

ZGC Phase Switch (0 events):
No events

VM Operations (20 events):
Event: 0.170 Executing VM operation: HandshakeAllThreads (Deoptimize)
Event: 0.171 Executing VM operation: HandshakeAllThreads (Deoptimize) done
Event: 0.745 Executing VM operation: HandshakeAllThreads (Deoptimize)
Event: 0.745 Executing VM operation: HandshakeAllThreads (Deoptimize) done
Event: 1.049 Executing VM operation: G1CollectForAllocation (G1 Evacuation Pause)
Event: 1.053 Executing VM operation: G1CollectForAllocation (G1 Evacuation Pause) done
Event: 1.057 Executing VM operation: HandshakeAllThreads (Deoptimize)
Event: 1.057 Executing VM operation: HandshakeAllThreads (Deoptimize) done
Event: 1.253 Executing VM operation: HandshakeAllThreads (Deoptimize)
Event: 1.253 Executing VM operation: HandshakeAllThreads (Deoptimize) done
Event: 1.254 Executing VM operation: HandshakeAllThreads (Deoptimize)
Event: 1.254 Executing VM operation: HandshakeAllThreads (Deoptimize) done
Event: 1.361 Executing VM operation: HandshakeAllThreads (Deoptimize)
Event: 1.361 Executing VM operation: HandshakeAllThreads (Deoptimize) done
Event: 1.550 Executing VM operation: HandshakeAllThreads (Deoptimize)
Event: 1.550 Executing VM operation: HandshakeAllThreads (Deoptimize) done
Event: 1.633 Executing VM operation: ICBufferFull
Event: 1.633 Executing VM operation: ICBufferFull done
Event: 1.675 Executing VM operation: HandshakeAllThreads (Deoptimize)
Event: 1.675 Executing VM operation: HandshakeAllThreads (Deoptimize) done

Events (20 events):
Event: 0.047 Thread 0x00000285335e1e10 Thread added: 0x00000285335e1e10
Event: 0.047 Thread 0x00000285335e44c0 Thread added: 0x00000285335e44c0
Event: 0.083 Thread 0x000002853366e7a0 Thread added: 0x000002853366e7a0
Event: 0.115 Thread 0x00000285336e5e60 Thread added: 0x00000285336e5e60
Event: 0.116 Thread 0x00000285336e6910 Thread added: 0x00000285336e6910
Event: 0.137 Thread 0x00000285337db340 Thread added: 0x00000285337db340
Event: 0.141 Thread 0x0000028533822ca0 Thread added: 0x0000028533822ca0
Event: 0.141 Thread 0x0000028533823340 Thread added: 0x0000028533823340
Event: 0.187 Thread 0x000002853366cd60 Thread added: 0x000002853366cd60
Event: 0.463 Thread 0x0000028533823340 Thread exited: 0x0000028533823340
Event: 0.477 Thread 0x0000028533822ca0 Thread exited: 0x0000028533822ca0
Event: 0.561 Thread 0x000002853366b9b0 Thread added: 0x000002853366b9b0
Event: 0.727 Thread 0x00000285337db340 Thread exited: 0x00000285337db340
Event: 0.727 Thread 0x00000285336e6910 Thread exited: 0x00000285336e6910
Event: 0.756 Thread 0x000002853366e110 Thread added: 0x000002853366e110
Event: 0.762 Thread 0x000002853366b320 Thread added: 0x000002853366b320
Event: 1.048 Thread 0x000002853366c040 Thread added: 0x000002853366c040
Event: 1.107 Thread 0x000002853366c6d0 Thread added: 0x000002853366c6d0
Event: 1.330 Thread 0x000002857a032aa0 Thread added: 0x000002857a032aa0
Event: 1.330 Thread 0x000002857a083dc0 Thread added: 0x000002857a083dc0


Dynamic libraries:
0x00007ff779f10000 - 0x00007ff779f20000 	C:\Program Files\Java\jdk-21\bin\java.exe
0x00007ffc1b780000 - 0x00007ffc1b9e6000 	C:\WINDOWS\SYSTEM32\ntdll.dll
0x00007ffc1ab60000 - 0x00007ffc1ac29000 	C:\WINDOWS\System32\KERNEL32.DLL
0x00007ffc19030000 - 0x00007ffc1942a000 	C:\WINDOWS\System32\KERNELBASE.dll
0x00007ffc18af0000 - 0x00007ffc18c3c000 	C:\WINDOWS\System32\ucrtbase.dll
0x00007ffbdf3b0000 - 0x00007ffbdf3c9000 	C:\Program Files\Java\jdk-21\bin\jli.dll
0x00007ffc195d0000 - 0x00007ffc19686000 	C:\WINDOWS\System32\ADVAPI32.dll
0x00007ffbdf150000 - 0x00007ffbdf16b000 	C:\Program Files\Java\jdk-21\bin\VCRUNTIME140.dll
0x00007ffc19890000 - 0x00007ffc19939000 	C:\WINDOWS\System32\msvcrt.dll
0x00007ffc1b630000 - 0x00007ffc1b6da000 	C:\WINDOWS\System32\sechost.dll
0x00007ffc1a0d0000 - 0x00007ffc1a1e8000 	C:\WINDOWS\System32\RPCRT4.dll
0x00007ffc1a590000 - 0x00007ffc1a757000 	C:\WINDOWS\System32\USER32.dll
0x00007ffc18a10000 - 0x00007ffc18a37000 	C:\WINDOWS\System32\win32u.dll
0x00007ffbf38f0000 - 0x00007ffbf3b82000 	C:\WINDOWS\WinSxS\amd64_microsoft.windows.common-controls_6595b64144ccf1df_6.0.26100.8521_none_3e08b75ce33403b3\COMCTL32.dll
0x00007ffc1ae20000 - 0x00007ffc1ae4b000 	C:\WINDOWS\System32\GDI32.dll
0x00007ffc18e70000 - 0x00007ffc18f9b000 	C:\WINDOWS\System32\gdi32full.dll
0x00007ffc18dc0000 - 0x00007ffc18e63000 	C:\WINDOWS\System32\msvcp_win.dll
0x00007ffc11d60000 - 0x00007ffc11d6b000 	C:\WINDOWS\SYSTEM32\VERSION.dll
0x00007ffc1b700000 - 0x00007ffc1b732000 	C:\WINDOWS\System32\IMM32.DLL
0x00007ffc00d10000 - 0x00007ffc00d1c000 	C:\Program Files\Java\jdk-21\bin\vcruntime140_1.dll
0x00007ffb19980000 - 0x00007ffb19a0e000 	C:\Program Files\Java\jdk-21\bin\msvcp140.dll
0x00007ffad5290000 - 0x00007ffad5faa000 	C:\Program Files\Java\jdk-21\bin\server\jvm.dll
0x00007ffc1a1f0000 - 0x00007ffc1a270000 	C:\WINDOWS\System32\WS2_32.dll
0x00007ffc18870000 - 0x00007ffc188ce000 	C:\WINDOWS\SYSTEM32\POWRPROF.dll
0x00007ffc006b0000 - 0x00007ffc006e6000 	C:\WINDOWS\SYSTEM32\WINMM.dll
0x00007ffc18850000 - 0x00007ffc18864000 	C:\WINDOWS\SYSTEM32\UMPDC.dll
0x00007ffc177a0000 - 0x00007ffc177bb000 	C:\WINDOWS\SYSTEM32\kernel.appcore.dll
0x00007ffbf9760000 - 0x00007ffbf976a000 	C:\Program Files\Java\jdk-21\bin\jimage.dll
0x00007ffc16190000 - 0x00007ffc163d2000 	C:\WINDOWS\SYSTEM32\DBGHELP.DLL
0x00007ffc1a7d0000 - 0x00007ffc1ab53000 	C:\WINDOWS\System32\combase.dll
0x00007ffc1a3b0000 - 0x00007ffc1a489000 	C:\WINDOWS\System32\OLEAUT32.dll
0x00007ffbdbe90000 - 0x00007ffbdbecb000 	C:\WINDOWS\SYSTEM32\dbgcore.DLL
0x00007ffc18a40000 - 0x00007ffc18ae8000 	C:\WINDOWS\System32\bcryptPrimitives.dll
0x00007ffbdbed0000 - 0x00007ffbdbeef000 	C:\Program Files\Java\jdk-21\bin\java.dll
0x00007ffc19940000 - 0x00007ffc1a0c4000 	C:\WINDOWS\System32\SHELL32.dll
0x00007ffc165b0000 - 0x00007ffc16e30000 	C:\WINDOWS\SYSTEM32\windows.storage.dll
0x00007ffc1a490000 - 0x00007ffc1a586000 	C:\WINDOWS\System32\SHCORE.dll
0x00007ffc1a760000 - 0x00007ffc1a7c7000 	C:\WINDOWS\System32\shlwapi.dll
0x00007ffc18930000 - 0x00007ffc18959000 	C:\WINDOWS\SYSTEM32\profapi.dll
0x00007ffaffd60000 - 0x00007ffaffe37000 	C:\Program Files\Java\jdk-21\bin\jsvml.dll
0x00007ffbed230000 - 0x00007ffbed240000 	C:\Program Files\Java\jdk-21\bin\net.dll
0x00007ffc120d0000 - 0x00007ffc121f9000 	C:\WINDOWS\SYSTEM32\WINHTTP.dll
0x00007ffc17d10000 - 0x00007ffc17d7c000 	C:\WINDOWS\system32\mswsock.dll
0x00007ffbc9500000 - 0x00007ffbc9516000 	C:\Program Files\Java\jdk-21\bin\nio.dll
0x00007ffbc94e0000 - 0x00007ffbc94f8000 	C:\Program Files\Java\jdk-21\bin\zip.dll
0x0000028511820000 - 0x0000028511823000 	C:\Users\Movindu Lochana\.openjfx\cache\21+31\amd64\api-ms-win-core-console-l1-1-0.dll
0x0000028511830000 - 0x0000028511833000 	C:\Users\Movindu Lochana\.openjfx\cache\21+31\amd64\api-ms-win-core-console-l1-2-0.dll
0x0000028511840000 - 0x0000028511843000 	C:\Users\Movindu Lochana\.openjfx\cache\21+31\amd64\api-ms-win-core-datetime-l1-1-0.dll
0x0000028511850000 - 0x0000028511853000 	C:\Users\Movindu Lochana\.openjfx\cache\21+31\amd64\api-ms-win-core-debug-l1-1-0.dll
0x0000028511860000 - 0x0000028511863000 	C:\Users\Movindu Lochana\.openjfx\cache\21+31\amd64\api-ms-win-core-errorhandling-l1-1-0.dll
0x0000028511870000 - 0x0000028511874000 	C:\Users\Movindu Lochana\.openjfx\cache\21+31\amd64\api-ms-win-core-file-l1-1-0.dll
0x0000028511880000 - 0x0000028511883000 	C:\Users\Movindu Lochana\.openjfx\cache\21+31\amd64\api-ms-win-core-file-l1-2-0.dll
0x0000028511890000 - 0x0000028511893000 	C:\Users\Movindu Lochana\.openjfx\cache\21+31\amd64\api-ms-win-core-file-l2-1-0.dll
0x00000285118a0000 - 0x00000285118a3000 	C:\Users\Movindu Lochana\.openjfx\cache\21+31\amd64\api-ms-win-core-handle-l1-1-0.dll
0x0000028533940000 - 0x0000028533943000 	C:\Users\Movindu Lochana\.openjfx\cache\21+31\amd64\api-ms-win-core-heap-l1-1-0.dll
0x0000028533950000 - 0x0000028533953000 	C:\Users\Movindu Lochana\.openjfx\cache\21+31\amd64\api-ms-win-core-interlocked-l1-1-0.dll
0x0000028533960000 - 0x0000028533963000 	C:\Users\Movindu Lochana\.openjfx\cache\21+31\amd64\api-ms-win-core-libraryloader-l1-1-0.dll
0x0000028533970000 - 0x0000028533973000 	C:\Users\Movindu Lochana\.openjfx\cache\21+31\amd64\api-ms-win-core-localization-l1-2-0.dll
0x0000028533980000 - 0x0000028533983000 	C:\Users\Movindu Lochana\.openjfx\cache\21+31\amd64\api-ms-win-core-memory-l1-1-0.dll
0x0000028533990000 - 0x0000028533993000 	C:\Users\Movindu Lochana\.openjfx\cache\21+31\amd64\api-ms-win-core-namedpipe-l1-1-0.dll
0x00000285339a0000 - 0x00000285339a3000 	C:\Users\Movindu Lochana\.openjfx\cache\21+31\amd64\api-ms-win-core-processenvironment-l1-1-0.dll
0x00000285339b0000 - 0x00000285339b3000 	C:\Users\Movindu Lochana\.openjfx\cache\21+31\amd64\api-ms-win-core-processthreads-l1-1-0.dll
0x00000285339c0000 - 0x00000285339c3000 	C:\Users\Movindu Lochana\.openjfx\cache\21+31\amd64\api-ms-win-core-processthreads-l1-1-1.dll
0x00000285339d0000 - 0x00000285339d3000 	C:\Users\Movindu Lochana\.openjfx\cache\21+31\amd64\api-ms-win-core-profile-l1-1-0.dll
0x00000285339e0000 - 0x00000285339e3000 	C:\Users\Movindu Lochana\.openjfx\cache\21+31\amd64\api-ms-win-core-rtlsupport-l1-1-0.dll
0x00000285339f0000 - 0x00000285339f3000 	C:\Users\Movindu Lochana\.openjfx\cache\21+31\amd64\api-ms-win-core-string-l1-1-0.dll
0x0000028533a00000 - 0x0000028533a03000 	C:\Users\Movindu Lochana\.openjfx\cache\21+31\amd64\api-ms-win-core-synch-l1-1-0.dll
0x0000028533a10000 - 0x0000028533a13000 	C:\Users\Movindu Lochana\.openjfx\cache\21+31\amd64\api-ms-win-core-synch-l1-2-0.dll
0x0000028533a20000 - 0x0000028533a23000 	C:\Users\Movindu Lochana\.openjfx\cache\21+31\amd64\api-ms-win-core-sysinfo-l1-1-0.dll
0x0000028533a30000 - 0x0000028533a33000 	C:\Users\Movindu Lochana\.openjfx\cache\21+31\amd64\api-ms-win-core-timezone-l1-1-0.dll
0x0000028533a40000 - 0x0000028533a43000 	C:\Users\Movindu Lochana\.openjfx\cache\21+31\amd64\api-ms-win-core-util-l1-1-0.dll
0x0000028533a50000 - 0x0000028533a53000 	C:\Users\Movindu Lochana\.openjfx\cache\21+31\amd64\api-ms-win-crt-conio-l1-1-0.dll
0x0000028533a60000 - 0x0000028533a64000 	C:\Users\Movindu Lochana\.openjfx\cache\21+31\amd64\api-ms-win-crt-convert-l1-1-0.dll
0x0000028533a70000 - 0x0000028533a73000 	C:\Users\Movindu Lochana\.openjfx\cache\21+31\amd64\api-ms-win-crt-environment-l1-1-0.dll
0x0000028533a80000 - 0x0000028533a83000 	C:\Users\Movindu Lochana\.openjfx\cache\21+31\amd64\api-ms-win-crt-filesystem-l1-1-0.dll
0x0000028533a90000 - 0x0000028533a93000 	C:\Users\Movindu Lochana\.openjfx\cache\21+31\amd64\api-ms-win-crt-heap-l1-1-0.dll
0x0000028533aa0000 - 0x0000028533aa3000 	C:\Users\Movindu Lochana\.openjfx\cache\21+31\amd64\api-ms-win-crt-locale-l1-1-0.dll
0x0000028533ab0000 - 0x0000028533ab5000 	C:\Users\Movindu Lochana\.openjfx\cache\21+31\amd64\api-ms-win-crt-math-l1-1-0.dll
0x0000028533ac0000 - 0x0000028533ac5000 	C:\Users\Movindu Lochana\.openjfx\cache\21+31\amd64\api-ms-win-crt-multibyte-l1-1-0.dll
0x0000028533ad0000 - 0x0000028533ae0000 	C:\Users\Movindu Lochana\.openjfx\cache\21+31\amd64\api-ms-win-crt-private-l1-1-0.dll
0x0000028533ae0000 - 0x0000028533ae3000 	C:\Users\Movindu Lochana\.openjfx\cache\21+31\amd64\api-ms-win-crt-process-l1-1-0.dll
0x0000028533af0000 - 0x0000028533af4000 	C:\Users\Movindu Lochana\.openjfx\cache\21+31\amd64\api-ms-win-crt-runtime-l1-1-0.dll
0x0000028533b00000 - 0x0000028533b04000 	C:\Users\Movindu Lochana\.openjfx\cache\21+31\amd64\api-ms-win-crt-stdio-l1-1-0.dll
0x0000028533b10000 - 0x0000028533b14000 	C:\Users\Movindu Lochana\.openjfx\cache\21+31\amd64\api-ms-win-crt-string-l1-1-0.dll
0x0000028533b20000 - 0x0000028533b23000 	C:\Users\Movindu Lochana\.openjfx\cache\21+31\amd64\api-ms-win-crt-time-l1-1-0.dll
0x0000028533b30000 - 0x0000028533b33000 	C:\Users\Movindu Lochana\.openjfx\cache\21+31\amd64\api-ms-win-crt-utility-l1-1-0.dll
0x00007ffafcd70000 - 0x00007ffafce6c000 	C:\Users\Movindu Lochana\.openjfx\cache\21+31\amd64\ucrtbase.dll
0x00007ffbc95f0000 - 0x00007ffbc960b000 	C:\Users\Movindu Lochana\.openjfx\cache\21+31\amd64\vcruntime140.dll
0x00007ffbe89a0000 - 0x00007ffbe89ac000 	C:\Users\Movindu Lochana\.openjfx\cache\21+31\amd64\vcruntime140_1.dll
0x00007ffb0a810000 - 0x00007ffb0a89e000 	C:\Users\Movindu Lochana\.openjfx\cache\21+31\amd64\msvcp140.dll
0x00007ffc196f0000 - 0x00007ffc19888000 	C:\WINDOWS\System32\ole32.dll
0x00007ffbe6080000 - 0x00007ffbe6089000 	C:\Users\Movindu Lochana\.openjfx\cache\21+31\amd64\msvcp140_1.dll
0x00007ffbc95c0000 - 0x00007ffbc95ef000 	C:\Users\Movindu Lochana\.openjfx\cache\21+31\amd64\msvcp140_2.dll
0x00007ffb92d50000 - 0x00007ffb92d7f000 	C:\Users\Movindu Lochana\.openjfx\cache\21+31\amd64\prism_d3d.dll
0x00007ffbdac40000 - 0x00007ffbdadf1000 	C:\WINDOWS\system32\d3d9.dll
0x00007ffc15af0000 - 0x00007ffc15b1f000 	C:\WINDOWS\SYSTEM32\dwmapi.dll
0x00007ffc15940000 - 0x00007ffc15984000 	C:\WINDOWS\SYSTEM32\dxcore.dll
0x00007ffc15810000 - 0x00007ffc158ba000 	C:\WINDOWS\system32\uxtheme.dll
0x00007ffc11d70000 - 0x00007ffc11e34000 	C:\WINDOWS\System32\DriverStore\FileRepository\nvlt.inf_amd64_86f1f1eb3802d728\nvldumdx.dll
0x00007ffc18060000 - 0x00007ffc18073000 	C:\WINDOWS\SYSTEM32\msasn1.dll
0x00007ffc11a00000 - 0x00007ffc11a3b000 	C:\WINDOWS\SYSTEM32\cryptnet.dll
0x00007ffc18c40000 - 0x00007ffc18db8000 	C:\WINDOWS\System32\CRYPT32.dll
0x00007ffc18010000 - 0x00007ffc1801c000 	C:\WINDOWS\SYSTEM32\cryptbase.dll
0x00007ffc180d0000 - 0x00007ffc1813a000 	C:\WINDOWS\SYSTEM32\wldp.dll
0x00007ffc11740000 - 0x00007ffc118b8000 	C:\WINDOWS\SYSTEM32\drvstore.dll
0x00007ffc185b0000 - 0x00007ffc185dd000 	C:\WINDOWS\SYSTEM32\devobj.dll
0x00007ffc18550000 - 0x00007ffc185a1000 	C:\WINDOWS\SYSTEM32\cfgmgr32.dll
0x00007ffc18fa0000 - 0x00007ffc19023000 	C:\WINDOWS\System32\wintrust.dll
0x00007ffc1a380000 - 0x00007ffc1a3a0000 	C:\WINDOWS\System32\imagehlp.dll
0x00007ffc17ff0000 - 0x00007ffc1800b000 	C:\WINDOWS\SYSTEM32\CRYPTSP.dll
0x00007ffc17700000 - 0x00007ffc17739000 	C:\WINDOWS\system32\rsaenh.dll
0x00007ffc18900000 - 0x00007ffc1892a000 	C:\WINDOWS\SYSTEM32\bcrypt.dll
0x00007ffc0a7b0000 - 0x00007ffc0f4af000 	C:\WINDOWS\System32\DriverStore\FileRepository\nvlt.inf_amd64_86f1f1eb3802d728\nvgpucomp64.dll
0x00007ffc006f0000 - 0x00007ffc00820000 	C:\WINDOWS\System32\DriverStore\FileRepository\nvlt.inf_amd64_86f1f1eb3802d728\NvMemMapStoragex.dll
0x00007ffb8ebd0000 - 0x00007ffb90ef3000 	C:\WINDOWS\System32\DriverStore\FileRepository\nvlt.inf_amd64_86f1f1eb3802d728\nvd3dumx.dll
0x00007ffc12f90000 - 0x00007ffc12fef000 	C:\WINDOWS\SYSTEM32\directxdatabasehelper.dll
0x00007ffb194e0000 - 0x00007ffb19522000 	C:\Users\Movindu Lochana\.openjfx\cache\21+31\amd64\glass.dll
0x00007ffc1b040000 - 0x00007ffc1b132000 	C:\WINDOWS\System32\COMDLG32.dll
0x00007ffb93c30000 - 0x00007ffb93d63000 	C:\ProgramData\A-Volute\A-Volute.Nahimic\Modules\Scheduled\x64\AudioDevProps2.dll
0x00007ffc15460000 - 0x00007ffc15500000 	C:\WINDOWS\SYSTEM32\apphelp.dll
0x00007ffc1ac30000 - 0x00007ffc1ad8d000 	C:\WINDOWS\System32\MSCTF.dll
0x00007ffbcdb90000 - 0x00007ffbcde96000 	C:\WINDOWS\system32\nvspcap64.dll
0x00007ffc178c0000 - 0x00007ffc178f6000 	C:\WINDOWS\SYSTEM32\ntmarta.dll
0x00007ffc17d80000 - 0x00007ffc17daf000 	C:\WINDOWS\SYSTEM32\gpapi.dll
0x00007ffbcb090000 - 0x00007ffbcb247000 	C:\WINDOWS\System32\DriverStore\FileRepository\nvlt.inf_amd64_86f1f1eb3802d728\nvppex.dll
0x00007ffb92af0000 - 0x00007ffb92b1d000 	C:\Users\Movindu Lochana\.openjfx\cache\21+31\amd64\javafx_iio.dll
0x00007ffb975c0000 - 0x00007ffb975d4000 	C:\Users\Movindu Lochana\.openjfx\cache\21+31\amd64\javafx_font.dll
0x00007ffc14530000 - 0x00007ffc14797000 	C:\WINDOWS\SYSTEM32\dwrite.dll

dbghelp: loaded successfully - version: 4.0.5 - missing functions: none
symbol engine: initialized successfully - sym options: 0x614 - pdb path: .;C:\Program Files\Java\jdk-21\bin;C:\WINDOWS\SYSTEM32;C:\WINDOWS\WinSxS\amd64_microsoft.windows.common-controls_6595b64144ccf1df_6.0.26100.8521_none_3e08b75ce33403b3;C:\Program Files\Java\jdk-21\bin\server;C:\Users\Movindu Lochana\.openjfx\cache\21+31\amd64;C:\WINDOWS\System32\DriverStore\FileRepository\nvlt.inf_amd64_86f1f1eb3802d728;C:\ProgramData\A-Volute\A-Volute.Nahimic\Modules\Scheduled\x64

VM Arguments:
jvm_args: --module-path=C:\Users\Movindu Lochana\.m2\repository\org\openjfx\javafx-base\21\javafx-base-21-win.jar;C:\Users\Movindu Lochana\.m2\repository\org\openjfx\javafx-base\21\javafx-base-21.jar;C:\Users\Movindu Lochana\.m2\repository\org\openjfx\javafx-controls\21\javafx-controls-21-win.jar;C:\Users\Movindu Lochana\.m2\repository\org\openjfx\javafx-controls\21\javafx-controls-21.jar;C:\Users\Movindu Lochana\.m2\repository\org\openjfx\javafx-fxml\21\javafx-fxml-21-win.jar;C:\Users\Movindu Lochana\.m2\repository\org\openjfx\javafx-fxml\21\javafx-fxml-21.jar;C:\Users\Movindu Lochana\.m2\repository\org\openjfx\javafx-graphics\21\javafx-graphics-21-win.jar;C:\Users\Movindu Lochana\.m2\repository\org\openjfx\javafx-graphics\21\javafx-graphics-21.jar;C:\Users\Movindu Lochana\.m2\repository\org\openjfx\javafx-swing\21\javafx-swing-21-win.jar;C:\Users\Movindu Lochana\.m2\repository\org\openjfx\javafx-swing\21\javafx-swing-21.jar --add-modules=javafx.base,javafx.controls,javafx.fxml,javafx.graphics,javafx.swing 
java_command: Starter
java_class_path (initial): C:\Users\Movindu Lochana\Downloads\Document-scanner-ocr-Sin-Tam-Eng-Naveen-UI (2)\Document-scanner-ocr-Sin-Tam-Eng-Naveen-UI\Document-scanner-ocr-Sin-Tam-Eng-Naveen-UI\target\classes;C:\Users\Movindu Lochana\.m2\repository\com\github\sarxos\webcam-capture\0.3.12\webcam-capture-0.3.12.jar;C:\Users\Movindu Lochana\.m2\repository\com\google\protobuf\protobuf-java\4.31.1\protobuf-java-4.31.1.jar;C:\Users\Movindu Lochana\.m2\repository\com\jfoenix\jfoenix\9.0.10\jfoenix-9.0.10.jar;C:\Users\Movindu Lochana\.m2\repository\com\mysql\mysql-connector-j\9.4.0\mysql-connector-j-9.4.0.jar;C:\Users\Movindu Lochana\.m2\repository\com\nativelibs4java\bridj\0.7.0\bridj-0.7.0.jar;C:\Users\Movindu Lochana\.m2\repository\commons-logging\commons-logging\1.3.5\commons-logging-1.3.5.jar;C:\Users\Movindu Lochana\.m2\repository\org\apache\pdfbox\fontbox\3.0.7\fontbox-3.0.7.jar;C:\Users\Movindu Lochana\.m2\repository\org\apache\pdfbox\pdfbox\3.0.7\pdfbox-3.0.7.jar;C:\Users\Movindu Lochana\.m2\repository\org\apache\pdfbox\pdfbox-io\3.0.7\pdfbox-io-3.0.7.jar;C:\Users\Movindu Lochana\.m2\repository\org\fxmisc\flowless\flowless\0.7.4\flowless-0.7.4.jar;C:\Users\Movindu Lochana\.m2\repository\org\fxmisc\richtext\richtextfx\0.11.7\richtextfx-0.11.7.jar;C:\Users\Movindu Lochana\.m2\repository\org\fxmisc\undo\undofx\2.1.1\undofx-2.1.1.jar;C:\Users\Movindu Lochana\.m2\repository\org\fxmisc\wellbehaved\wellbehavedfx\0.3.3\wellbehavedfx-0.3.3.jar;C:\Users\Movindu Lochana\.m2\repository\org\kordamp\ikonli\ikonli-core\12.4.0\ikonli-core-12.4.0.jar;C:\Users\Movindu Lochana\.m2\repository\org\kordamp\ikonli\ikonli-fontawesome5-pack\12.4.0\ikonli-fontawesome5-pack-12.4.0.jar;C:\Users\Movindu Lochana\.m2\repository\org\kordamp\ikonli\ikonli-javafx\12.4.0\ikonli-javafx-12.4.0.jar;C:\Users\Movindu Lochana\.m2\repository\org\projectlombok\lombok\1.18.36\lombok-1.18.36.jar;C:\Users\Movindu Lochana\.m2\repository\org\reactfx\reactfx\2.0-M5\reactfx-2.0-M5.jar;C:\Users\Movindu Lochana\.m2\repository\org\slf4j\slf4j-api\1.7.2\slf4j-api-1.7.2.jar
Launcher Type: SUN_STANDARD

[Global flags]
     intx CICompilerCount                          = 12                                        {product} {ergonomic}
     uint ConcGCThreads                            = 3                                         {product} {ergonomic}
     uint G1ConcRefinementThreads                  = 13                                        {product} {ergonomic}
   size_t G1HeapRegionSize                         = 2097152                                   {product} {ergonomic}
    uintx GCDrainStackTargetSize                   = 64                                        {product} {ergonomic}
   size_t InitialHeapSize                          = 264241152                                 {product} {ergonomic}
   size_t MarkStackSize                            = 4194304                                   {product} {ergonomic}
   size_t MaxHeapSize                              = 4213178368                                {product} {ergonomic}
   size_t MaxNewSize                               = 2527068160                                {product} {ergonomic}
   size_t MinHeapDeltaBytes                        = 2097152                                   {product} {ergonomic}
   size_t MinHeapSize                              = 8388608                                   {product} {ergonomic}
    uintx NonNMethodCodeHeapSize                   = 7602480                                {pd product} {ergonomic}
    uintx NonProfiledCodeHeapSize                  = 122027880                              {pd product} {ergonomic}
    uintx ProfiledCodeHeapSize                     = 122027880                              {pd product} {ergonomic}
    uintx ReservedCodeCacheSize                    = 251658240                              {pd product} {ergonomic}
     bool SegmentedCodeCache                       = true                                      {product} {ergonomic}
   size_t SoftMaxHeapSize                          = 4213178368                             {manageable} {ergonomic}
     bool UseCompressedOops                        = true                           {product lp64_product} {ergonomic}
     bool UseG1GC                                  = true                                      {product} {ergonomic}
     bool UseLargePagesIndividualAllocation        = false                                  {pd product} {ergonomic}

Logging:
Log output configuration:
 #0: stdout all=warning uptime,level,tags foldmultilines=false
 #1: stderr all=off uptime,level,tags foldmultilines=false

Environment Variables:
PATH=D:\app\oracle\product\11.2.0\server\bin;C:\Program Files (x86)\Common Files\Intel\Shared Libraries\redist\intel64\compiler;C:\Program Files\Common Files\Oracle\Java\javapath;C:\Program Files (x86)\VMware\VMware Player\bin\;C:\WINDOWS\system32;C:\WINDOWS;C:\WINDOWS\System32\Wbem;C:\WINDOWS\System32\WindowsPowerShell\v1.0\;C:\WINDOWS\System32\OpenSSH\;C:\Program Files (x86)\NVIDIA Corporation\PhysX\Common;C:\Program Files\NVIDIA Corporation\NVIDIA app\NvDLISR;C:\Program Files\Java\jdk-21\bin;C:\Program Files\dotnet\;D:\runtime\win64;D:\bin;D:\New folder\bin;C:\Program Files\Git\cmd;C:\Program Files\Tesseract-OCR;C:\Program Files (x86)\Microsoft SQL Server\160\Tools\Binn\;C:\Program Files\Microsoft SQL Server\160\Tools\Binn\;C:\Program Files\Microsoft SQL Server\Client SDK\ODBC\170\Tools\Binn\;C:\Program Files\Microsoft SQL Server\160\DTS\Binn\;C:\Users\Movindu Lochana\AppData\Local\Programs\Python\Python313\Scripts\;C:\Users\Movindu Lochana\AppData\Local\Programs\Python\Python313\;C:\Users\Movindu Lochana\AppData\Local\Programs\Python\Launcher\;C:\Users\Movindu Lochana\AppData\Local\Microsoft\WindowsApps;C:\Flutter\flutter\bin;C:\Users\Movindu Lochana\AppData\Local\Programs\Antigravity\bin;C:\Users\Movindu Lochana\AppData\Local\Programs\Microsoft VS Code\bin;C:\Users\Movindu Lochana\.dotnet\tools;C:\Users\Movindu Lochana\AppData\Local\Programs\Antigravity IDE\bin;c:\Users\Movindu Lochana\.antigravity-ide\extensions\ms-python.debugpy-2026.6.0-win32-x64\bundled\scripts\noConfigScripts
USERNAME=Dulen Hesara
LANG=en_US.UTF-8
OS=Windows_NT
PROCESSOR_IDENTIFIER=AMD64 Family 25 Model 68 Stepping 1, AuthenticAMD
TMP=C:\Users\MOVIND~1\AppData\Local\Temp
TEMP=C:\Users\MOVIND~1\AppData\Local\Temp




Periodic native trim disabled

---------------  S Y S T E M  ---------------

OS:
 Windows 11 , 64 bit Build 26100 (10.0.26100.8521)
OS uptime: 2 days 2:34 hours
Hyper-V role detected

CPU: total 16 (initial active 16) (16 cores per cpu, 2 threads per core) family 25 model 68 stepping 1 microcode 0xa40410a, cx8, cmov, fxsr, ht, mmx, 3dnowpref, sse, sse2, sse3, ssse3, sse4a, sse4.1, sse4.2, popcnt, lzcnt, tsc, tscinvbit, avx, avx2, aes, erms, clmul, bmi1, bmi2, adx, sha, fma, vzeroupper, clflush, clflushopt, hv, rdtscp, rdpid, fsrm, f16c, cet_ss
Processor Information for all 16 processors :
  Max Mhz: 3100, Current Mhz: 2523, Mhz Limit: 3100

Memory: 4k page, system-wide physical 16068M (2222M free)
TotalPageFile size 23033M (AvailPageFile size 5M)
current process WorkingSet (physical memory assigned to process): 134M, peak: 134M
current process commit charge ("private bytes"): 417M, peak: 417M

vm_info: Java HotSpot(TM) 64-Bit Server VM (21.0.7+8-LTS-245) for windows-amd64 JRE (21.0.7+8-LTS-245), built on 2025-02-21T05:11:27Z by "mach5one" with MS VC++ 17.6 (VS2022)

END.
